../Core/Src/main.c:106:6:xTaskUSBHandle	24	static
../Core/Src/main.c:129:6:xTaskPWMHandle	24	static
../Core/Src/main.c:162:6:xTaskLoadCellHandle	40	static
../Core/Src/main.c:206:6:xTaskPIOHandle	32	static
../Core/Src/main.c:293:6:xTaskI2CHandle	48	static
../Core/Src/main.c:365:6:xTaskADCHandle	40	static
../Core/Src/main.c:411:5:main	56	static
../Core/Src/main.c:472:6:SystemClock_Config	88	static
../Core/Src/main.c:520:13:MX_ADC1_Init	24	static
../Core/Src/main.c:585:13:MX_I2C1_Init	8	static
../Core/Src/main.c:619:13:MX_TIM1_Init	96	static
../Core/Src/main.c:694:13:MX_TIM2_Init	32	static
../Core/Src/main.c:739:13:MX_TIM3_Init	48	static
../Core/Src/main.c:786:13:MX_DMA_Init	16	static
../Core/Src/main.c:804:13:MX_GPIO_Init	40	static
../Core/Src/main.c:857:6:StartDefaultTask	16	static
../Core/Src/main.c:877:6:StartTask02	16	static
../Core/Src/main.c:896:6:HAL_TIM_PeriodElapsedCallback	16	static
../Core/Src/main.c:913:6:Error_Handler	4	static,ignoring_inline_asm
