Archive member included to satisfy reference by file (symbol)

/Applications/STM32CubeIDE.app/Contents/Eclipse/plugins/com.st.stm32cube.ide.mcu.externaltools.gnu-tools-for-stm32.12.3.rel1.macos64_1.0.100.202403111906/tools/bin/../lib/gcc/arm-none-eabi/12.3.1/../../../../arm-none-eabi/lib/thumb/v7-m/nofp/libc_nano.a(libc_a-exit.o)
                              /Applications/STM32CubeIDE.app/Contents/Eclipse/plugins/com.st.stm32cube.ide.mcu.externaltools.gnu-tools-for-stm32.12.3.rel1.macos64_1.0.100.202403111906/tools/bin/../lib/gcc/arm-none-eabi/12.3.1/../../../../arm-none-eabi/lib/thumb/v7-m/nofp/crt0.o (exit)
/Applications/STM32CubeIDE.app/Contents/Eclipse/plugins/com.st.stm32cube.ide.mcu.externaltools.gnu-tools-for-stm32.12.3.rel1.macos64_1.0.100.202403111906/tools/bin/../lib/gcc/arm-none-eabi/12.3.1/../../../../arm-none-eabi/lib/thumb/v7-m/nofp/libc_nano.a(libc_a-findfp.o)
                              /Applications/STM32CubeIDE.app/Contents/Eclipse/plugins/com.st.stm32cube.ide.mcu.externaltools.gnu-tools-for-stm32.12.3.rel1.macos64_1.0.100.202403111906/tools/bin/../lib/gcc/arm-none-eabi/12.3.1/../../../../arm-none-eabi/lib/thumb/v7-m/nofp/libc_nano.a(libc_a-exit.o) (__stdio_exit_handler)
/Applications/STM32CubeIDE.app/Contents/Eclipse/plugins/com.st.stm32cube.ide.mcu.externaltools.gnu-tools-for-stm32.12.3.rel1.macos64_1.0.100.202403111906/tools/bin/../lib/gcc/arm-none-eabi/12.3.1/../../../../arm-none-eabi/lib/thumb/v7-m/nofp/libc_nano.a(libc_a-fwalk.o)
                              /Applications/STM32CubeIDE.app/Contents/Eclipse/plugins/com.st.stm32cube.ide.mcu.externaltools.gnu-tools-for-stm32.12.3.rel1.macos64_1.0.100.202403111906/tools/bin/../lib/gcc/arm-none-eabi/12.3.1/../../../../arm-none-eabi/lib/thumb/v7-m/nofp/libc_nano.a(libc_a-findfp.o) (_fwalk_sglue)
/Applications/STM32CubeIDE.app/Contents/Eclipse/plugins/com.st.stm32cube.ide.mcu.externaltools.gnu-tools-for-stm32.12.3.rel1.macos64_1.0.100.202403111906/tools/bin/../lib/gcc/arm-none-eabi/12.3.1/../../../../arm-none-eabi/lib/thumb/v7-m/nofp/libc_nano.a(libc_a-memset.o)
                              /Applications/STM32CubeIDE.app/Contents/Eclipse/plugins/com.st.stm32cube.ide.mcu.externaltools.gnu-tools-for-stm32.12.3.rel1.macos64_1.0.100.202403111906/tools/bin/../lib/gcc/arm-none-eabi/12.3.1/../../../../arm-none-eabi/lib/thumb/v7-m/nofp/crt0.o (memset)
/Applications/STM32CubeIDE.app/Contents/Eclipse/plugins/com.st.stm32cube.ide.mcu.externaltools.gnu-tools-for-stm32.12.3.rel1.macos64_1.0.100.202403111906/tools/bin/../lib/gcc/arm-none-eabi/12.3.1/../../../../arm-none-eabi/lib/thumb/v7-m/nofp/libc_nano.a(libc_a-impure.o)
                              /Applications/STM32CubeIDE.app/Contents/Eclipse/plugins/com.st.stm32cube.ide.mcu.externaltools.gnu-tools-for-stm32.12.3.rel1.macos64_1.0.100.202403111906/tools/bin/../lib/gcc/arm-none-eabi/12.3.1/../../../../arm-none-eabi/lib/thumb/v7-m/nofp/libc_nano.a(libc_a-findfp.o) (_impure_data)
/Applications/STM32CubeIDE.app/Contents/Eclipse/plugins/com.st.stm32cube.ide.mcu.externaltools.gnu-tools-for-stm32.12.3.rel1.macos64_1.0.100.202403111906/tools/bin/../lib/gcc/arm-none-eabi/12.3.1/../../../../arm-none-eabi/lib/thumb/v7-m/nofp/libc_nano.a(libc_a-errno.o)
                              ./Core/Src/syscalls.o (__errno)
/Applications/STM32CubeIDE.app/Contents/Eclipse/plugins/com.st.stm32cube.ide.mcu.externaltools.gnu-tools-for-stm32.12.3.rel1.macos64_1.0.100.202403111906/tools/bin/../lib/gcc/arm-none-eabi/12.3.1/../../../../arm-none-eabi/lib/thumb/v7-m/nofp/libc_nano.a(libc_a-init.o)
                              /Applications/STM32CubeIDE.app/Contents/Eclipse/plugins/com.st.stm32cube.ide.mcu.externaltools.gnu-tools-for-stm32.12.3.rel1.macos64_1.0.100.202403111906/tools/bin/../lib/gcc/arm-none-eabi/12.3.1/../../../../arm-none-eabi/lib/thumb/v7-m/nofp/crt0.o (__libc_init_array)
/Applications/STM32CubeIDE.app/Contents/Eclipse/plugins/com.st.stm32cube.ide.mcu.externaltools.gnu-tools-for-stm32.12.3.rel1.macos64_1.0.100.202403111906/tools/bin/../lib/gcc/arm-none-eabi/12.3.1/../../../../arm-none-eabi/lib/thumb/v7-m/nofp/libc_nano.a(libc_a-lock.o)
                              /Applications/STM32CubeIDE.app/Contents/Eclipse/plugins/com.st.stm32cube.ide.mcu.externaltools.gnu-tools-for-stm32.12.3.rel1.macos64_1.0.100.202403111906/tools/bin/../lib/gcc/arm-none-eabi/12.3.1/../../../../arm-none-eabi/lib/thumb/v7-m/nofp/libc_nano.a(libc_a-findfp.o) (__retarget_lock_init_recursive)
/Applications/STM32CubeIDE.app/Contents/Eclipse/plugins/com.st.stm32cube.ide.mcu.externaltools.gnu-tools-for-stm32.12.3.rel1.macos64_1.0.100.202403111906/tools/bin/../lib/gcc/arm-none-eabi/12.3.1/../../../../arm-none-eabi/lib/thumb/v7-m/nofp/libc_nano.a(libc_a-memcpy-stub.o)
                              ./Middlewares/Third_Party/FreeRTOS/Source/queue.o (memcpy)
[...]
Memory Configuration

Name             Origin             Length             Attributes
RAM              0x20000000         0x00005000         xrw
FLASH            0x08000000         0x00010000         xr
*default*        0x00000000         0xffffffff

Linker script and memory map

LOAD /Applications/STM32CubeIDE.app/Contents/Eclipse/plugins/com.st.stm32cube.ide.mcu.externaltools.gnu-tools-for-stm32.12.3.rel1.macos64_1.0.100.202403111906/tools/bin/../lib/gcc/arm-none-eabi/12.3.1/thumb/v7-m/nofp/crti.o
LOAD /Applications/STM32CubeIDE.app/Contents/Eclipse/plugins/com.st.stm32cube.ide.mcu.externaltools.gnu-tools-for-stm32.12.3.rel1.macos64_1.0.100.202403111906/tools/bin/../lib/gcc/arm-none-eabi/12.3.1/thumb/v7-m/nofp/crtbegin.o
LOAD /Applications/STM32CubeIDE.app/Contents/Eclipse/plugins/com.st.stm32cube.ide.mcu.externaltools.gnu-tools-for-stm32.12.3.rel1.macos64_1.0.100.202403111906/tools/bin/../lib/gcc/arm-none-eabi/12.3.1/../../../../arm-none-eabi/lib/thumb/v7-m/nofp/crt0.o
LOAD ./Core/Src/freertos.o
LOAD ./Core/Src/main.o
LOAD ./Core/Src/stm32f1xx_hal_msp.o
LOAD ./Core/Src/stm32f1xx_hal_timebase_tim.o
LOAD ./Core/Src/stm32f1xx_it.o
LOAD ./Core/Src/syscalls.o
LOAD ./Core/Src/sysmem.o
LOAD ./Core/Src/system_stm32f1xx.o
LOAD ./Core/Startup/startup_stm32f103c8tx.o
LOAD ./Drivers/STM32F1xx_HAL_Driver/Src/stm32f1xx_hal.o
LOAD ./Drivers/STM32F1xx_HAL_Driver/Src/stm32f1xx_hal_adc.o
LOAD ./Drivers/STM32F1xx_HAL_Driver/Src/stm32f1xx_hal_adc_ex.o
LOAD ./Drivers/STM32F1xx_HAL_Driver/Src/stm32f1xx_hal_cortex.o
LOAD ./Drivers/STM32F1xx_HAL_Driver/Src/stm32f1xx_hal_dma.o
LOAD ./Drivers/STM32F1xx_HAL_Driver/Src/stm32f1xx_hal_exti.o
LOAD ./Drivers/STM32F1xx_HAL_Driver/Src/stm32f1xx_hal_flash.o
LOAD ./Drivers/STM32F1xx_HAL_Driver/Src/stm32f1xx_hal_flash_ex.o
LOAD ./Drivers/STM32F1xx_HAL_Driver/Src/stm32f1xx_hal_gpio.o
LOAD ./Drivers/STM32F1xx_HAL_Driver/Src/stm32f1xx_hal_gpio_ex.o
LOAD ./Drivers/STM32F1xx_HAL_Driver/Src/stm32f1xx_hal_i2c.o
LOAD ./Drivers/STM32F1xx_HAL_Driver/Src/stm32f1xx_hal_pcd.o
LOAD ./Drivers/STM32F1xx_HAL_Driver/Src/stm32f1xx_hal_pcd_ex.o
LOAD ./Drivers/STM32F1xx_HAL_Driver/Src/stm32f1xx_hal_pwr.o
LOAD ./Drivers/STM32F1xx_HAL_Driver/Src/stm32f1xx_hal_rcc.o
LOAD ./Drivers/STM32F1xx_HAL_Driver/Src/stm32f1xx_hal_rcc_ex.o
LOAD ./Drivers/STM32F1xx_HAL_Driver/Src/stm32f1xx_hal_tim.o
LOAD ./Drivers/STM32F1xx_HAL_Driver/Src/stm32f1xx_hal_tim_ex.o
LOAD ./Drivers/STM32F1xx_HAL_Driver/Src/stm32f1xx_ll_usb.o
LOAD ./Middlewares/ST/STM32_USB_Device_Library/Class/CDC/Src/usbd_cdc.o
LOAD ./Middlewares/ST/STM32_USB_Device_Library/Core/Src/usbd_core.o
LOAD ./Middlewares/ST/STM32_USB_Device_Library/Core/Src/usbd_ctlreq.o
LOAD ./Middlewares/ST/STM32_USB_Device_Library/Core/Src/usbd_ioreq.o
LOAD ./Middlewares/Third_Party/FreeRTOS/Source/CMSIS_RTOS/cmsis_os.o
LOAD ./Middlewares/Third_Party/FreeRTOS/Source/croutine.o
LOAD ./Middlewares/Third_Party/FreeRTOS/Source/event_groups.o
LOAD ./Middlewares/Third_Party/FreeRTOS/Source/list.o
LOAD ./Middlewares/Third_Party/FreeRTOS/Source/queue.o
LOAD ./Middlewares/Third_Party/FreeRTOS/Source/stream_buffer.o
LOAD ./Middlewares/Third_Party/FreeRTOS/Source/tasks.o
LOAD ./Middlewares/Third_Party/FreeRTOS/Source/timers.o
LOAD ./Middlewares/Third_Party/FreeRTOS/Source/portable/GCC/ARM_CM3/port.o
LOAD ./Middlewares/Third_Party/FreeRTOS/Source/portable/MemMang/heap_4.o
LOAD ./USB_DEVICE/App/usb_device.o
LOAD ./USB_DEVICE/App/usbd_cdc_if.o
LOAD ./USB_DEVICE/App/usbd_desc.o
LOAD ./USB_DEVICE/Target/usbd_conf.o
START GROUP
LOAD /Applications/STM32CubeIDE.app/Contents/Eclipse/plugins/com.st.stm32cube.ide.mcu.externaltools.gnu-tools-for-stm32.12.3.rel1.macos64_1.0.100.202403111906/tools/bin/../lib/gcc/arm-none-eabi/12.3.1/../../../../arm-none-eabi/lib/thumb/v7-m/nofp/libc_nano.a
LOAD /Applications/STM32CubeIDE.app/Contents/Eclipse/plugins/com.st.stm32cube.ide.mcu.externaltools.gnu-tools-for-stm32.12.3.rel1.macos64_1.0.100.202403111906/tools/bin/../lib/gcc/arm-none-eabi/12.3.1/../../../../arm-none-eabi/lib/thumb/v7-m/nofp/libm.a
END GROUP
START GROUP
LOAD /Applications/STM32CubeIDE.app/Contents/Eclipse/plugins/com.st.stm32cube.ide.mcu.externaltools.gnu-tools-for-stm32.12.3.rel1.macos64_1.0.100.202403111906/tools/bin/../lib/gcc/arm-none-eabi/12.3.1/thumb/v7-m/nofp/libgcc.a
LOAD /Applications/STM32CubeIDE.app/Contents/Eclipse/plugins/com.st.stm32cube.ide.mcu.externaltools.gnu-tools-for-stm32.12.3.rel1.macos64_1.0.100.202403111906/tools/bin/../lib/gcc/arm-none-eabi/12.3.1/../../../../arm-none-eabi/lib/thumb/v7-m/nofp/libc_nano.a
END GROUP
START GROUP
LOAD /Applications/STM32CubeIDE.app/Contents/Eclipse/plugins/com.st.stm32cube.ide.mcu.externaltools.gnu-tools-for-stm32.12.3.rel1.macos64_1.0.100.202403111906/tools/bin/../lib/gcc/arm-none-eabi/12.3.1/thumb/v7-m/nofp/libgcc.a
LOAD /Applications/STM32CubeIDE.app/Contents/Eclipse/plugins/com.st.stm32cube.ide.mcu.externaltools.gnu-tools-for-stm32.12.3.rel1.macos64_1.0.100.202403111906/tools/bin/../lib/gcc/arm-none-eabi/12.3.1/../../../../arm-none-eabi/lib/thumb/v7-m/nofp/libc_nano.a
LOAD /Applications/STM32CubeIDE.app/Contents/Eclipse/plugins/com.st.stm32cube.ide.mcu.externaltools.gnu-tools-for-stm32.12.3.rel1.macos64_1.0.100.202403111906/tools/bin/../lib/gcc/arm-none-eabi/12.3.1/../../../../arm-none-eabi/lib/thumb/v7-m/nofp/libnosys.a
END GROUP
START GROUP
LOAD /Applications/STM32CubeIDE.app/Contents/Eclipse/plugins/com.st.stm32cube.ide.mcu.externaltools.gnu-tools-for-stm32.12.3.rel1.macos64_1.0.100.202403111906/tools/bin/../lib/gcc/arm-none-eabi/12.3.1/thumb/v7-m/nofp/libgcc.a
LOAD /Applications/STM32CubeIDE.app/Contents/Eclipse/plugins/com.st.stm32cube.ide.mcu.externaltools.gnu-tools-for-stm32.12.3.rel1.macos64_1.0.100.202403111906/tools/bin/../lib/gcc/arm-none-eabi/12.3.1/../../../../arm-none-eabi/lib/thumb/v7-m/nofp/libc_nano.a
LOAD /Applications/STM32CubeIDE.app/Contents/Eclipse/plugins/com.st.stm32cube.ide.mcu.externaltools.gnu-tools-for-stm32.12.3.rel1.macos64_1.0.100.202403111906/tools/bin/../lib/gcc/arm-none-eabi/12.3.1/../../../../arm-none-eabi/lib/thumb/v7-m/nofp/libnosys.a
END GROUP
LOAD /Applications/STM32CubeIDE.app/Contents/Eclipse/plugins/com.st.stm32cube.ide.mcu.externaltools.gnu-tools-for-stm32.12.3.rel1.macos64_1.0.100.202403111906/tools/bin/../lib/gcc/arm-none-eabi/12.3.1/thumb/v7-m/nofp/crtend.o
LOAD /Applications/STM32CubeIDE.app/Contents/Eclipse/plugins/com.st.stm32cube.ide.mcu.externaltools.gnu-tools-for-stm32.12.3.rel1.macos64_1.0.100.202403111906/tools/bin/../lib/gcc/arm-none-eabi/12.3.1/thumb/v7-m/nofp/crtn.o
                0x20005000                        _estack = (ORIGIN (RAM) + LENGTH (RAM))
                0x00000200                        _Min_Heap_Size = 0x200
                0x00000400                        _Min_Stack_Size = 0x400

.isr_vector     0x08000000      0x10c
                0x08000000                        . = ALIGN (0x4)
 *(.isr_vector)
 .isr_vector    0x08000000      0x10c ./Core/Startup/startup_stm32f103c8tx.o
                0x08000000                g_pfnVectors
                0x0800010c                        . = ALIGN (0x4)

.text           0x08000110     0xd158
                0x08000110                        . = ALIGN (0x4)
 *(.text)
 .text          0x08000110       0x40 /Applications/STM32CubeIDE.app/Contents/Eclipse/plugins/com.st.stm32cube.ide.mcu.externaltools.gnu-tools-for-stm32.12.3.rel1.macos64_1.0.100.202403111906/tools/bin/../lib/gcc/arm-none-eabi/12.3.1/thumb/v7-m/nofp/crtbegin.o
 *(.text*)
 .text.vApplicationGetIdleTaskMemory
                0x08000150       0x30 ./Core/Src/freertos.o
                0x08000150                vApplicationGetIdleTaskMemory
 .text.xTaskI2CHandle
                0x08000180      0x104 ./Core/Src/main.o
                0x08000180                xTaskI2CHandle
 .text.main     0x08000284       0x88 ./Core/Src/main.o
                0x08000284                main
 .text.SystemClock_Config
                0x0800030c       0xbc ./Core/Src/main.o
                0x0800030c                SystemClock_Config
 .text.MX_ADC1_Init
                0x080003c8       0xb8 ./Core/Src/main.o
 .text.MX_I2C1_Init
                0x08000480       0x5c ./Core/Src/main.o
 .text.MX_TIM1_Init
                0x080004dc      0x144 ./Core/Src/main.o
 .text.MX_TIM2_Init
                0x08000620       0x9c ./Core/Src/main.o
 .text.MX_TIM3_Init
                0x080006bc       0xb4 ./Core/Src/main.o
 .text.MX_DMA_Init
                0x08000770       0x3c ./Core/Src/main.o
 .text.MX_GPIO_Init
                0x080007ac       0xf8 ./Core/Src/main.o
 .text.HAL_TIM_PeriodElapsedCallback
                0x080008a4       0x24 ./Core/Src/main.o
                0x080008a4                HAL_TIM_PeriodElapsedCallback
 .text.Error_Handler
                0x080008c8        0xc ./Core/Src/main.o
                0x080008c8                Error_Handler
 .text.HAL_MspInit
                0x080008d4       0x70 ./Core/Src/stm32f1xx_hal_msp.o
                0x080008d4                HAL_MspInit
 .text.HAL_ADC_MspInit
                0x08000944      0x100 ./Core/Src/stm32f1xx_hal_msp.o
                0x08000944                HAL_ADC_MspInit
 .text.HAL_I2C_MspInit
                0x08000a44       0xa0 ./Core/Src/stm32f1xx_hal_msp.o
                0x08000a44                HAL_I2C_MspInit
 .text.HAL_TIM_Base_MspInit
                0x08000ae4       0x70 ./Core/Src/stm32f1xx_hal_msp.o
                0x08000ae4                HAL_TIM_Base_MspInit
 .text.HAL_TIM_PWM_MspInit
                0x08000b54       0x3c ./Core/Src/stm32f1xx_hal_msp.o
                0x08000b54                HAL_TIM_PWM_MspInit
 .text.HAL_TIM_MspPostInit
                0x08000b90       0xac ./Core/Src/stm32f1xx_hal_msp.o
                0x08000b90                HAL_TIM_MspPostInit
 .text.HAL_InitTick
                0x08000c3c       0xfc ./Core/Src/stm32f1xx_hal_timebase_tim.o
                0x08000c3c                HAL_InitTick
 .text.NMI_Handler
                0x08000d38        0x8 ./Core/Src/stm32f1xx_it.o
                0x08000d38                NMI_Handler
 .text.HardFault_Handler
                0x08000d40        0x8 ./Core/Src/stm32f1xx_it.o
                0x08000d40                HardFault_Handler
 .text.MemManage_Handler
                0x08000d48        0x8 ./Core/Src/stm32f1xx_it.o
                0x08000d48                MemManage_Handler
 .text.BusFault_Handler
                0x08000d50        0x8 ./Core/Src/stm32f1xx_it.o
                0x08000d50                BusFault_Handler
 .text.UsageFault_Handler
                0x08000d58        0x8 ./Core/Src/stm32f1xx_it.o
                0x08000d58                UsageFault_Handler
 .text.DebugMon_Handler
                0x08000d60        0xc ./Core/Src/stm32f1xx_it.o
                0x08000d60                DebugMon_Handler
 .text.DMA1_Channel1_IRQHandler
                0x08000d6c       0x14 ./Core/Src/stm32f1xx_it.o
                0x08000d6c                DMA1_Channel1_IRQHandler
 .text.USB_LP_CAN1_RX0_IRQHandler
                0x08000d80       0x14 ./Core/Src/stm32f1xx_it.o
                0x08000d80                USB_LP_CAN1_RX0_IRQHandler
 .text.TIM2_IRQHandler
                0x08000d94       0x14 ./Core/Src/stm32f1xx_it.o
                0x08000d94                TIM2_IRQHandler
 .text.TIM4_IRQHandler
                0x08000da8       0x14 ./Core/Src/stm32f1xx_it.o
                0x08000da8                TIM4_IRQHandler
 .text.SystemInit
                0x08000dbc        0xc ./Core/Src/system_stm32f1xx.o
                0x08000dbc                SystemInit
 .text.Reset_Handler
                0x08000dc8       0x48 ./Core/Startup/startup_stm32f103c8tx.o
                0x08000dc8                Reset_Handler
 .text.Default_Handler
                0x08000e10        0x2 ./Core/Startup/startup_stm32f103c8tx.o
                0x08000e10                USBWakeUp_IRQHandler
                0x08000e10                EXTI2_IRQHandler
                0x08000e10                TIM1_CC_IRQHandler
                0x08000e10                PVD_IRQHandler
                0x08000e10                EXTI3_IRQHandler
                0x08000e10                EXTI0_IRQHandler
                0x08000e10                I2C2_EV_IRQHandler
                0x08000e10                ADC1_2_IRQHandler
                0x08000e10                SPI1_IRQHandler
                0x08000e10                TAMPER_IRQHandler
                0x08000e10                DMA1_Channel4_IRQHandler
                0x08000e10                USART3_IRQHandler
                0x08000e10                RTC_IRQHandler
                0x08000e10                DMA1_Channel7_IRQHandler
                0x08000e10                CAN1_RX1_IRQHandler
                0x08000e10                I2C1_EV_IRQHandler
                0x08000e10                DMA1_Channel6_IRQHandler
                0x08000e10                TIM3_IRQHandler
                0x08000e10                RCC_IRQHandler
                0x08000e10                TIM1_TRG_COM_IRQHandler
                0x08000e10                Default_Handler
                0x08000e10                EXTI15_10_IRQHandler
                0x08000e10                EXTI9_5_IRQHandler
                0x08000e10                SPI2_IRQHandler
                0x08000e10                DMA1_Channel5_IRQHandler
                0x08000e10                EXTI4_IRQHandler
                0x08000e10                USB_HP_CAN1_TX_IRQHandler
                0x08000e10                DMA1_Channel3_IRQHandler
                0x08000e10                TIM1_UP_IRQHandler
                0x08000e10                WWDG_IRQHandler
                0x08000e10                TIM1_BRK_IRQHandler
                0x08000e10                EXTI1_IRQHandler
                0x08000e10                USART2_IRQHandler
                0x08000e10                I2C2_ER_IRQHandler
                0x08000e10                DMA1_Channel2_IRQHandler
                0x08000e10                CAN1_SCE_IRQHandler
                0x08000e10                FLASH_IRQHandler
                0x08000e10                USART1_IRQHandler
                0x08000e10                I2C1_ER_IRQHandler
                0x08000e10                RTC_Alarm_IRQHandler
 *fill*         0x08000e12        0x2 
 .text.HAL_Init
                0x08000e14       0x2c ./Drivers/STM32F1xx_HAL_Driver/Src/stm32f1xx_hal.o
                0x08000e14                HAL_Init
 .text.HAL_IncTick
                0x08000e40       0x24 ./Drivers/STM32F1xx_HAL_Driver/Src/stm32f1xx_hal.o
                0x08000e40                HAL_IncTick
 .text.HAL_GetTick
                0x08000e64       0x14 ./Drivers/STM32F1xx_HAL_Driver/Src/stm32f1xx_hal.o
                0x08000e64                HAL_GetTick
 .text.HAL_ADC_Init
                0x08000e78      0x1b0 ./Drivers/STM32F1xx_HAL_Driver/Src/stm32f1xx_hal_adc.o
                0x08000e78                HAL_ADC_Init
 .text.HAL_ADC_ConfigChannel
                0x08001028      0x1f0 ./Drivers/STM32F1xx_HAL_Driver/Src/stm32f1xx_hal_adc.o
                0x08001028                HAL_ADC_ConfigChannel
 .text.ADC_Enable
                0x08001218       0xb4 ./Drivers/STM32F1xx_HAL_Driver/Src/stm32f1xx_hal_adc.o
                0x08001218                ADC_Enable
 .text.ADC_ConversionStop_Disable
                0x080012cc       0x82 ./Drivers/STM32F1xx_HAL_Driver/Src/stm32f1xx_hal_adc.o
                0x080012cc                ADC_ConversionStop_Disable
 *fill*         0x0800134e        0x2 
 .text.HAL_ADCEx_Calibration_Start
                0x08001350      0x15c ./Drivers/STM32F1xx_HAL_Driver/Src/stm32f1xx_hal_adc_ex.o
                0x08001350                HAL_ADCEx_Calibration_Start
 .text.__NVIC_SetPriorityGrouping
                0x080014ac       0x48 ./Drivers/STM32F1xx_HAL_Driver/Src/stm32f1xx_hal_cortex.o
 .text.__NVIC_GetPriorityGrouping
                0x080014f4       0x1c ./Drivers/STM32F1xx_HAL_Driver/Src/stm32f1xx_hal_cortex.o
 .text.__NVIC_EnableIRQ
                0x08001510       0x38 ./Drivers/STM32F1xx_HAL_Driver/Src/stm32f1xx_hal_cortex.o
 .text.__NVIC_SetPriority
                0x08001548       0x54 ./Drivers/STM32F1xx_HAL_Driver/Src/stm32f1xx_hal_cortex.o
 .text.NVIC_EncodePriority
                0x0800159c       0x64 ./Drivers/STM32F1xx_HAL_Driver/Src/stm32f1xx_hal_cortex.o
 .text.HAL_NVIC_SetPriorityGrouping
                0x08001600       0x16 ./Drivers/STM32F1xx_HAL_Driver/Src/stm32f1xx_hal_cortex.o
                0x08001600                HAL_NVIC_SetPriorityGrouping
 .text.HAL_NVIC_SetPriority
                0x08001616       0x38 ./Drivers/STM32F1xx_HAL_Driver/Src/stm32f1xx_hal_cortex.o
                0x08001616                HAL_NVIC_SetPriority
 .text.HAL_NVIC_EnableIRQ
                0x0800164e       0x1c ./Drivers/STM32F1xx_HAL_Driver/Src/stm32f1xx_hal_cortex.o
                0x0800164e                HAL_NVIC_EnableIRQ
 *fill*         0x0800166a        0x2 
 .text.HAL_DMA_Init
                0x0800166c       0xb4 ./Drivers/STM32F1xx_HAL_Driver/Src/stm32f1xx_hal_dma.o
                0x0800166c                HAL_DMA_Init
 .text.HAL_DMA_IRQHandler
                0x08001720      0x20c ./Drivers/STM32F1xx_HAL_Driver/Src/stm32f1xx_hal_dma.o
                0x08001720                HAL_DMA_IRQHandler
 .text.HAL_GPIO_Init
                0x0800192c      0x308 ./Drivers/STM32F1xx_HAL_Driver/Src/stm32f1xx_hal_gpio.o
                0x0800192c                HAL_GPIO_Init
 .text.HAL_GPIO_WritePin
                0x08001c34       0x30 ./Drivers/STM32F1xx_HAL_Driver/Src/stm32f1xx_hal_gpio.o
                0x08001c34                HAL_GPIO_WritePin
 .text.HAL_I2C_Init
                0x08001c64      0x288 ./Drivers/STM32F1xx_HAL_Driver/Src/stm32f1xx_hal_i2c.o
                0x08001c64                HAL_I2C_Init
 .text.HAL_I2C_Master_Transmit
                0x08001eec      0x1fc ./Drivers/STM32F1xx_HAL_Driver/Src/stm32f1xx_hal_i2c.o
                0x08001eec                HAL_I2C_Master_Transmit
 .text.HAL_I2C_Master_Receive
                0x080020e8      0x4d8 ./Drivers/STM32F1xx_HAL_Driver/Src/stm32f1xx_hal_i2c.o
                0x080020e8                HAL_I2C_Master_Receive
 .text.I2C_MasterRequestWrite
                0x080025c0      0x104 ./Drivers/STM32F1xx_HAL_Driver/Src/stm32f1xx_hal_i2c.o
 .text.I2C_MasterRequestRead
                0x080026c4      0x19c ./Drivers/STM32F1xx_HAL_Driver/Src/stm32f1xx_hal_i2c.o
 .text.I2C_WaitOnFlagUntilTimeout
                0x08002860       0xf4 ./Drivers/STM32F1xx_HAL_Driver/Src/stm32f1xx_hal_i2c.o
 .text.I2C_WaitOnMasterAddressFlagUntilTimeout
                0x08002954      0x140 ./Drivers/STM32F1xx_HAL_Driver/Src/stm32f1xx_hal_i2c.o
 .text.I2C_WaitOnTXEFlagUntilTimeout
                0x08002a94       0x90 ./Drivers/STM32F1xx_HAL_Driver/Src/stm32f1xx_hal_i2c.o
 .text.I2C_WaitOnBTFFlagUntilTimeout
                0x08002b24       0x90 ./Drivers/STM32F1xx_HAL_Driver/Src/stm32f1xx_hal_i2c.o
 .text.I2C_WaitOnRXNEFlagUntilTimeout
                0x08002bb4       0xba ./Drivers/STM32F1xx_HAL_Driver/Src/stm32f1xx_hal_i2c.o
 .text.I2C_IsAcknowledgeFailed
                0x08002c6e       0x5c ./Drivers/STM32F1xx_HAL_Driver/Src/stm32f1xx_hal_i2c.o
 .text.HAL_PCD_Init
                0x08002cca      0x1fe ./Drivers/STM32F1xx_HAL_Driver/Src/stm32f1xx_hal_pcd.o
                0x08002cca                HAL_PCD_Init
 .text.HAL_PCD_Start
                0x08002ec8       0x4c ./Drivers/STM32F1xx_HAL_Driver/Src/stm32f1xx_hal_pcd.o
                0x08002ec8                HAL_PCD_Start
 .text.HAL_PCD_IRQHandler
                0x08002f14      0x260 ./Drivers/STM32F1xx_HAL_Driver/Src/stm32f1xx_hal_pcd.o
                0x08002f14                HAL_PCD_IRQHandler
 .text.HAL_PCD_SetAddress
                0x08003174       0x4a ./Drivers/STM32F1xx_HAL_Driver/Src/stm32f1xx_hal_pcd.o
                0x08003174                HAL_PCD_SetAddress
 .text.HAL_PCD_EP_Open
                0x080031be       0xba ./Drivers/STM32F1xx_HAL_Driver/Src/stm32f1xx_hal_pcd.o
                0x080031be                HAL_PCD_EP_Open
 .text.HAL_PCD_EP_Close
                0x08003278       0x90 ./Drivers/STM32F1xx_HAL_Driver/Src/stm32f1xx_hal_pcd.o
                0x08003278                HAL_PCD_EP_Close
 .text.HAL_PCD_EP_Receive
                0x08003308       0x62 ./Drivers/STM32F1xx_HAL_Driver/Src/stm32f1xx_hal_pcd.o
                0x08003308                HAL_PCD_EP_Receive
 .text.HAL_PCD_EP_GetRxCount
                0x0800336a       0x2e ./Drivers/STM32F1xx_HAL_Driver/Src/stm32f1xx_hal_pcd.o
                0x0800336a                HAL_PCD_EP_GetRxCount
 .text.HAL_PCD_EP_Transmit
                0x08003398       0x6e ./Drivers/STM32F1xx_HAL_Driver/Src/stm32f1xx_hal_pcd.o
                0x08003398                HAL_PCD_EP_Transmit
 .text.HAL_PCD_EP_SetStall
                0x08003406       0xc0 ./Drivers/STM32F1xx_HAL_Driver/Src/stm32f1xx_hal_pcd.o
                0x08003406                HAL_PCD_EP_SetStall
 .text.HAL_PCD_EP_ClrStall
                0x080034c6       0xa8 ./Drivers/STM32F1xx_HAL_Driver/Src/stm32f1xx_hal_pcd.o
                0x080034c6                HAL_PCD_EP_ClrStall
 .text.PCD_EP_ISR_Handler
                0x0800356e      0x7a4 ./Drivers/STM32F1xx_HAL_Driver/Src/stm32f1xx_hal_pcd.o
 .text.HAL_PCD_EP_DB_Receive
                0x08003d12      0x21a ./Drivers/STM32F1xx_HAL_Driver/Src/stm32f1xx_hal_pcd.o
 .text.HAL_PCD_EP_DB_Transmit
                0x08003f2c      0x7f4 ./Drivers/STM32F1xx_HAL_Driver/Src/stm32f1xx_hal_pcd.o
 .text.HAL_PCDEx_PMAConfig
                0x08004720       0x84 ./Drivers/STM32F1xx_HAL_Driver/Src/stm32f1xx_hal_pcd_ex.o
                0x08004720                HAL_PCDEx_PMAConfig
 .text.HAL_RCC_OscConfig
                0x080047a4      0x504 ./Drivers/STM32F1xx_HAL_Driver/Src/stm32f1xx_hal_rcc.o
                0x080047a4                HAL_RCC_OscConfig
 .text.HAL_RCC_ClockConfig
                0x08004ca8      0x1d4 ./Drivers/STM32F1xx_HAL_Driver/Src/stm32f1xx_hal_rcc.o
                0x08004ca8                HAL_RCC_ClockConfig
 .text.HAL_RCC_GetSysClockFreq
                0x08004e7c       0xa8 ./Drivers/STM32F1xx_HAL_Driver/Src/stm32f1xx_hal_rcc.o
                0x08004e7c                HAL_RCC_GetSysClockFreq
 .text.HAL_RCC_GetHCLKFreq
                0x08004f24       0x14 ./Drivers/STM32F1xx_HAL_Driver/Src/stm32f1xx_hal_rcc.o
                0x08004f24                HAL_RCC_GetHCLKFreq
 .text.HAL_RCC_GetPCLK1Freq
                0x08004f38       0x28 ./Drivers/STM32F1xx_HAL_Driver/Src/stm32f1xx_hal_rcc.o
                0x08004f38                HAL_RCC_GetPCLK1Freq
 .text.HAL_RCC_GetPCLK2Freq
                0x08004f60       0x28 ./Drivers/STM32F1xx_HAL_Driver/Src/stm32f1xx_hal_rcc.o
                0x08004f60                HAL_RCC_GetPCLK2Freq
 .text.HAL_RCC_GetClockConfig
                0x08004f88       0x60 ./Drivers/STM32F1xx_HAL_Driver/Src/stm32f1xx_hal_rcc.o
                0x08004f88                HAL_RCC_GetClockConfig
 .text.RCC_Delay
                0x08004fe8       0x3c ./Drivers/STM32F1xx_HAL_Driver/Src/stm32f1xx_hal_rcc.o
 .text.HAL_RCCEx_PeriphCLKConfig
                0x08005024      0x16c ./Drivers/STM32F1xx_HAL_Driver/Src/stm32f1xx_hal_rcc_ex.o
                0x08005024                HAL_RCCEx_PeriphCLKConfig
 .text.HAL_RCCEx_GetPeriphCLKFreq
                0x08005190      0x16c ./Drivers/STM32F1xx_HAL_Driver/Src/stm32f1xx_hal_rcc_ex.o
                0x08005190                HAL_RCCEx_GetPeriphCLKFreq
 .text.HAL_TIM_Base_Init
                0x080052fc       0x9e ./Drivers/STM32F1xx_HAL_Driver/Src/stm32f1xx_hal_tim.o
                0x080052fc                HAL_TIM_Base_Init
 *fill*         0x0800539a        0x2 
 .text.HAL_TIM_Base_Start_IT
                0x0800539c       0xa4 ./Drivers/STM32F1xx_HAL_Driver/Src/stm32f1xx_hal_tim.o
                0x0800539c                HAL_TIM_Base_Start_IT
 .text.HAL_TIM_PWM_Init
                0x08005440       0x9e ./Drivers/STM32F1xx_HAL_Driver/Src/stm32f1xx_hal_tim.o
                0x08005440                HAL_TIM_PWM_Init
 .text.HAL_TIM_IRQHandler
                0x080054de      0x210 ./Drivers/STM32F1xx_HAL_Driver/Src/stm32f1xx_hal_tim.o
                0x080054de                HAL_TIM_IRQHandler
 *fill*         0x080056ee        0x2 
 .text.HAL_TIM_PWM_ConfigChannel
                0x080056f0      0x184 ./Drivers/STM32F1xx_HAL_Driver/Src/stm32f1xx_hal_tim.o
                0x080056f0                HAL_TIM_PWM_ConfigChannel
 .text.HAL_TIM_ConfigClockSource
                0x08005874      0x18e ./Drivers/STM32F1xx_HAL_Driver/Src/stm32f1xx_hal_tim.o
                0x08005874                HAL_TIM_ConfigClockSource
 .text.HAL_TIM_OC_DelayElapsedCallback
                0x08005a02       0x12 ./Drivers/STM32F1xx_HAL_Driver/Src/stm32f1xx_hal_tim.o
                0x08005a02                HAL_TIM_OC_DelayElapsedCallback
 .text.HAL_TIM_IC_CaptureCallback
                0x08005a14       0x12 ./Drivers/STM32F1xx_HAL_Driver/Src/stm32f1xx_hal_tim.o
                0x08005a14                HAL_TIM_IC_CaptureCallback
 .text.HAL_TIM_PWM_PulseFinishedCallback
                0x08005a26       0x12 ./Drivers/STM32F1xx_HAL_Driver/Src/stm32f1xx_hal_tim.o
                0x08005a26                HAL_TIM_PWM_PulseFinishedCallback
 .text.HAL_TIM_TriggerCallback
                0x08005a38       0x12 ./Drivers/STM32F1xx_HAL_Driver/Src/stm32f1xx_hal_tim.o
                0x08005a38                HAL_TIM_TriggerCallback
 *fill*         0x08005a4a        0x2 
 .text.TIM_Base_SetConfig
                0x08005a4c       0xc4 ./Drivers/STM32F1xx_HAL_Driver/Src/stm32f1xx_hal_tim.o
                0x08005a4c                TIM_Base_SetConfig
 .text.TIM_OC1_SetConfig
                0x08005b10       0xcc ./Drivers/STM32F1xx_HAL_Driver/Src/stm32f1xx_hal_tim.o
 .text.TIM_OC2_SetConfig
                0x08005bdc       0xd4 ./Drivers/STM32F1xx_HAL_Driver/Src/stm32f1xx_hal_tim.o
                0x08005bdc                TIM_OC2_SetConfig
 .text.TIM_OC3_SetConfig
                0x08005cb0       0xd4 ./Drivers/STM32F1xx_HAL_Driver/Src/stm32f1xx_hal_tim.o
 .text.TIM_OC4_SetConfig
                0x08005d84       0x9c ./Drivers/STM32F1xx_HAL_Driver/Src/stm32f1xx_hal_tim.o
 .text.TIM_TI1_ConfigInputStage
                0x08005e20       0x5c ./Drivers/STM32F1xx_HAL_Driver/Src/stm32f1xx_hal_tim.o
 .text.TIM_TI2_ConfigInputStage
                0x08005e7c       0x5e ./Drivers/STM32F1xx_HAL_Driver/Src/stm32f1xx_hal_tim.o
 .text.TIM_ITRx_SetConfig
                0x08005eda       0x34 ./Drivers/STM32F1xx_HAL_Driver/Src/stm32f1xx_hal_tim.o
 .text.TIM_ETR_SetConfig
                0x08005f0e       0x3e ./Drivers/STM32F1xx_HAL_Driver/Src/stm32f1xx_hal_tim.o
                0x08005f0e                TIM_ETR_SetConfig
 .text.HAL_TIMEx_MasterConfigSynchronization
                0x08005f4c       0xbc ./Drivers/STM32F1xx_HAL_Driver/Src/stm32f1xx_hal_tim_ex.o
                0x08005f4c                HAL_TIMEx_MasterConfigSynchronization
 .text.HAL_TIMEx_ConfigBreakDeadTime
                0x08006008       0xa2 ./Drivers/STM32F1xx_HAL_Driver/Src/stm32f1xx_hal_tim_ex.o
                0x08006008                HAL_TIMEx_ConfigBreakDeadTime
 .text.HAL_TIMEx_CommutCallback
                0x080060aa       0x12 ./Drivers/STM32F1xx_HAL_Driver/Src/stm32f1xx_hal_tim_ex.o
                0x080060aa                HAL_TIMEx_CommutCallback
 .text.HAL_TIMEx_BreakCallback
                0x080060bc       0x12 ./Drivers/STM32F1xx_HAL_Driver/Src/stm32f1xx_hal_tim_ex.o
                0x080060bc                HAL_TIMEx_BreakCallback
 .text.USB_CoreInit
                0x080060ce       0x20 ./Drivers/STM32F1xx_HAL_Driver/Src/stm32f1xx_ll_usb.o
                0x080060ce                USB_CoreInit
 .text.USB_EnableGlobalInt
                0x080060ee       0x2c ./Drivers/STM32F1xx_HAL_Driver/Src/stm32f1xx_ll_usb.o
                0x080060ee                USB_EnableGlobalInt
 .text.USB_DisableGlobalInt
                0x0800611a       0x34 ./Drivers/STM32F1xx_HAL_Driver/Src/stm32f1xx_ll_usb.o
                0x0800611a                USB_DisableGlobalInt
 .text.USB_SetCurrentMode
                0x0800614e       0x18 ./Drivers/STM32F1xx_HAL_Driver/Src/stm32f1xx_ll_usb.o
                0x0800614e                USB_SetCurrentMode
 .text.USB_DevInit
                0x08006166       0x40 ./Drivers/STM32F1xx_HAL_Driver/Src/stm32f1xx_ll_usb.o
                0x08006166                USB_DevInit
 *fill*         0x080061a6        0x2 
 .text.USB_ActivateEndpoint
                0x080061a8      0x780 ./Drivers/STM32F1xx_HAL_Driver/Src/stm32f1xx_ll_usb.o
                0x080061a8                USB_ActivateEndpoint
 .text.USB_DeactivateEndpoint
                0x08006928      0x3d8 ./Drivers/STM32F1xx_HAL_Driver/Src/stm32f1xx_ll_usb.o
                0x08006928                USB_DeactivateEndpoint
 .text.USB_EPStartXfer
                0x08006d00     0x1762 ./Drivers/STM32F1xx_HAL_Driver/Src/stm32f1xx_ll_usb.o
                0x08006d00                USB_EPStartXfer
 .text.USB_EPSetStall
                0x08008462       0xa0 ./Drivers/STM32F1xx_HAL_Driver/Src/stm32f1xx_ll_usb.o
                0x08008462                USB_EPSetStall
 .text.USB_EPClearStall
                0x08008502      0x15a ./Drivers/STM32F1xx_HAL_Driver/Src/stm32f1xx_ll_usb.o
                0x08008502                USB_EPClearStall
 .text.USB_SetDevAddress
                0x0800865c       0x26 ./Drivers/STM32F1xx_HAL_Driver/Src/stm32f1xx_ll_usb.o
                0x0800865c                USB_SetDevAddress
 .text.USB_DevConnect
                0x08008682       0x14 ./Drivers/STM32F1xx_HAL_Driver/Src/stm32f1xx_ll_usb.o
                0x08008682                USB_DevConnect
 .text.USB_DevDisconnect
                0x08008696       0x14 ./Drivers/STM32F1xx_HAL_Driver/Src/stm32f1xx_ll_usb.o
                0x08008696                USB_DevDisconnect
 .text.USB_ReadInterrupts
                0x080086aa       0x1e ./Drivers/STM32F1xx_HAL_Driver/Src/stm32f1xx_ll_usb.o
                0x080086aa                USB_ReadInterrupts
 .text.USB_EP0_OutStart
                0x080086c8       0x16 ./Drivers/STM32F1xx_HAL_Driver/Src/stm32f1xx_ll_usb.o
                0x080086c8                USB_EP0_OutStart
 .text.USB_WritePMA
                0x080086de       0x8a ./Drivers/STM32F1xx_HAL_Driver/Src/stm32f1xx_ll_usb.o
                0x080086de                USB_WritePMA
 .text.USB_ReadPMA
                0x08008768       0x9e ./Drivers/STM32F1xx_HAL_Driver/Src/stm32f1xx_ll_usb.o
                0x08008768                USB_ReadPMA
 .text.USBD_CDC_Init
                0x08008806       0xf4 ./Middlewares/ST/STM32_USB_Device_Library/Class/CDC/Src/usbd_cdc.o
 .text.USBD_CDC_DeInit
                0x080088fa       0x6e ./Middlewares/ST/STM32_USB_Device_Library/Class/CDC/Src/usbd_cdc.o
 .text.USBD_CDC_Setup
                0x08008968      0x146 ./Middlewares/ST/STM32_USB_Device_Library/Class/CDC/Src/usbd_cdc.o
 .text.USBD_CDC_DataIn
                0x08008aae       0xa6 ./Middlewares/ST/STM32_USB_Device_Library/Class/CDC/Src/usbd_cdc.o
 .text.USBD_CDC_DataOut
                0x08008b54       0x56 ./Middlewares/ST/STM32_USB_Device_Library/Class/CDC/Src/usbd_cdc.o
 .text.USBD_CDC_EP0_RxReady
                0x08008baa       0x4e ./Middlewares/ST/STM32_USB_Device_Library/Class/CDC/Src/usbd_cdc.o
 .text.USBD_CDC_GetFSCfgDesc
                0x08008bf8       0x20 ./Middlewares/ST/STM32_USB_Device_Library/Class/CDC/Src/usbd_cdc.o
 .text.USBD_CDC_GetHSCfgDesc
                0x08008c18       0x20 ./Middlewares/ST/STM32_USB_Device_Library/Class/CDC/Src/usbd_cdc.o
 .text.USBD_CDC_GetOtherSpeedCfgDesc
                0x08008c38       0x20 ./Middlewares/ST/STM32_USB_Device_Library/Class/CDC/Src/usbd_cdc.o
 .text.USBD_CDC_GetDeviceQualifierDescriptor
                0x08008c58       0x20 ./Middlewares/ST/STM32_USB_Device_Library/Class/CDC/Src/usbd_cdc.o
                0x08008c58                USBD_CDC_GetDeviceQualifierDescriptor
 .text.USBD_CDC_RegisterInterface
                0x08008c78       0x2c ./Middlewares/ST/STM32_USB_Device_Library/Class/CDC/Src/usbd_cdc.o
                0x08008c78                USBD_CDC_RegisterInterface
 .text.USBD_CDC_SetTxBuffer
                0x08008ca4       0x32 ./Middlewares/ST/STM32_USB_Device_Library/Class/CDC/Src/usbd_cdc.o
                0x08008ca4                USBD_CDC_SetTxBuffer
 .text.USBD_CDC_SetRxBuffer
                0x08008cd6       0x26 ./Middlewares/ST/STM32_USB_Device_Library/Class/CDC/Src/usbd_cdc.o
                0x08008cd6                USBD_CDC_SetRxBuffer
 .text.USBD_CDC_TransmitPacket
                0x08008cfc       0x5e ./Middlewares/ST/STM32_USB_Device_Library/Class/CDC/Src/usbd_cdc.o
                0x08008cfc                USBD_CDC_TransmitPacket
 .text.USBD_CDC_ReceivePacket
                0x08008d5a       0x54 ./Middlewares/ST/STM32_USB_Device_Library/Class/CDC/Src/usbd_cdc.o
                0x08008d5a                USBD_CDC_ReceivePacket
 .text.USBD_Init
                0x08008dae       0x56 ./Middlewares/ST/STM32_USB_Device_Library/Core/Src/usbd_core.o
                0x08008dae                USBD_Init
 .text.USBD_RegisterClass
                0x08008e04       0x32 ./Middlewares/ST/STM32_USB_Device_Library/Core/Src/usbd_core.o
                0x08008e04                USBD_RegisterClass
 .text.USBD_Start
                0x08008e36       0x18 ./Middlewares/ST/STM32_USB_Device_Library/Core/Src/usbd_core.o
                0x08008e36                USBD_Start
 .text.USBD_RunTestMode
                0x08008e4e       0x14 ./Middlewares/ST/STM32_USB_Device_Library/Core/Src/usbd_core.o
                0x08008e4e                USBD_RunTestMode
 .text.USBD_SetClassConfig
                0x08008e62       0x3e ./Middlewares/ST/STM32_USB_Device_Library/Core/Src/usbd_core.o
                0x08008e62                USBD_SetClassConfig
 .text.USBD_ClrClassConfig
                0x08008ea0       0x26 ./Middlewares/ST/STM32_USB_Device_Library/Core/Src/usbd_core.o
                0x08008ea0                USBD_ClrClassConfig
 .text.USBD_LL_SetupStage
                0x08008ec6       0x9a ./Middlewares/ST/STM32_USB_Device_Library/Core/Src/usbd_core.o
                0x08008ec6                USBD_LL_SetupStage
 .text.USBD_LL_DataOutStage
                0x08008f60       0xe2 ./Middlewares/ST/STM32_USB_Device_Library/Core/Src/usbd_core.o
                0x08008f60                USBD_LL_DataOutStage
 .text.USBD_LL_DataInStage
                0x08009042      0x14a ./Middlewares/ST/STM32_USB_Device_Library/Core/Src/usbd_core.o
                0x08009042                USBD_LL_DataInStage
 .text.USBD_LL_Reset
                0x0800918c       0x82 ./Middlewares/ST/STM32_USB_Device_Library/Core/Src/usbd_core.o
                0x0800918c                USBD_LL_Reset
 .text.USBD_LL_SetSpeed
                0x0800920e       0x1e ./Middlewares/ST/STM32_USB_Device_Library/Core/Src/usbd_core.o
                0x0800920e                USBD_LL_SetSpeed
 .text.USBD_LL_Suspend
                0x0800922c       0x28 ./Middlewares/ST/STM32_USB_Device_Library/Core/Src/usbd_core.o
                0x0800922c                USBD_LL_Suspend
 .text.USBD_LL_Resume
                0x08009254       0x2a ./Middlewares/ST/STM32_USB_Device_Library/Core/Src/usbd_core.o
                0x08009254                USBD_LL_Resume
 .text.USBD_LL_SOF
                0x0800927e       0x34 ./Middlewares/ST/STM32_USB_Device_Library/Core/Src/usbd_core.o
                0x0800927e                USBD_LL_SOF
 *fill*         0x080092b2        0x2 
 .text.USBD_StdDevReq
                0x080092b4       0xd4 ./Middlewares/ST/STM32_USB_Device_Library/Core/Src/usbd_ctlreq.o
                0x080092b4                USBD_StdDevReq
 .text.USBD_StdItfReq
                0x08009388       0x90 ./Middlewares/ST/STM32_USB_Device_Library/Core/Src/usbd_ctlreq.o
                0x08009388                USBD_StdItfReq
 .text.USBD_StdEPReq
                0x08009418      0x2c6 ./Middlewares/ST/STM32_USB_Device_Library/Core/Src/usbd_ctlreq.o
                0x08009418                USBD_StdEPReq
 *fill*         0x080096de        0x2 
 .text.USBD_GetDescriptor
                0x080096e0      0x2d0 ./Middlewares/ST/STM32_USB_Device_Library/Core/Src/usbd_ctlreq.o
 .text.USBD_SetAddress
                0x080099b0       0x86 ./Middlewares/ST/STM32_USB_Device_Library/Core/Src/usbd_ctlreq.o
 *fill*         0x08009a36        0x2 
 .text.USBD_SetConfig
                0x08009a38      0x11c ./Middlewares/ST/STM32_USB_Device_Library/Core/Src/usbd_ctlreq.o
 .text.USBD_GetConfig
                0x08009b54       0x6a ./Middlewares/ST/STM32_USB_Device_Library/Core/Src/usbd_ctlreq.o
 .text.USBD_GetStatus
                0x08009bbe       0x66 ./Middlewares/ST/STM32_USB_Device_Library/Core/Src/usbd_ctlreq.o
 .text.USBD_SetFeature
                0x08009c24       0x28 ./Middlewares/ST/STM32_USB_Device_Library/Core/Src/usbd_ctlreq.o
 .text.USBD_ClrFeature
                0x08009c4c       0x42 ./Middlewares/ST/STM32_USB_Device_Library/Core/Src/usbd_ctlreq.o
 .text.USBD_ParseSetupRequest
                0x08009c8e       0x72 ./Middlewares/ST/STM32_USB_Device_Library/Core/Src/usbd_ctlreq.o
                0x08009c8e                USBD_ParseSetupRequest
 .text.USBD_CtlError
                0x08009d00       0x22 ./Middlewares/ST/STM32_USB_Device_Library/Core/Src/usbd_ctlreq.o
                0x08009d00                USBD_CtlError
 .text.USBD_GetString
                0x08009d22       0x84 ./Middlewares/ST/STM32_USB_Device_Library/Core/Src/usbd_ctlreq.o
                0x08009d22                USBD_GetString
 .text.USBD_GetLen
                0x08009da6       0x2e ./Middlewares/ST/STM32_USB_Device_Library/Core/Src/usbd_ctlreq.o
 .text.USBD_CtlSendData
                0x08009dd4       0x38 ./Middlewares/ST/STM32_USB_Device_Library/Core/Src/usbd_ioreq.o
                0x08009dd4                USBD_CtlSendData
 .text.USBD_CtlContinueSendData
                0x08009e0c       0x24 ./Middlewares/ST/STM32_USB_Device_Library/Core/Src/usbd_ioreq.o
                0x08009e0c                USBD_CtlContinueSendData
 .text.USBD_CtlPrepareRx
                0x08009e30       0x3c ./Middlewares/ST/STM32_USB_Device_Library/Core/Src/usbd_ioreq.o
                0x08009e30                USBD_CtlPrepareRx
 .text.USBD_CtlContinueRx
                0x08009e6c       0x24 ./Middlewares/ST/STM32_USB_Device_Library/Core/Src/usbd_ioreq.o
                0x08009e6c                USBD_CtlContinueRx
 .text.USBD_CtlSendStatus
                0x08009e90       0x26 ./Middlewares/ST/STM32_USB_Device_Library/Core/Src/usbd_ioreq.o
                0x08009e90                USBD_CtlSendStatus
 .text.USBD_CtlReceiveStatus
                0x08009eb6       0x26 ./Middlewares/ST/STM32_USB_Device_Library/Core/Src/usbd_ioreq.o
                0x08009eb6                USBD_CtlReceiveStatus
 .text.makeFreeRtosPriority
                0x08009edc       0x2e ./Middlewares/Third_Party/FreeRTOS/Source/CMSIS_RTOS/cmsis_os.o
 .text.inHandlerMode
                0x08009f0a       0x22 ./Middlewares/Third_Party/FreeRTOS/Source/CMSIS_RTOS/cmsis_os.o
 .text.osKernelStart
                0x08009f2c        0xe ./Middlewares/Third_Party/FreeRTOS/Source/CMSIS_RTOS/cmsis_os.o
                0x08009f2c                osKernelStart
 .text.osThreadCreate
                0x08009f3a       0x98 ./Middlewares/Third_Party/FreeRTOS/Source/CMSIS_RTOS/cmsis_os.o
                0x08009f3a                osThreadCreate
 .text.osDelay  0x08009fd2       0x28 ./Middlewares/Third_Party/FreeRTOS/Source/CMSIS_RTOS/cmsis_os.o
                0x08009fd2                osDelay
 .text.osMutexCreate
                0x08009ffa       0x30 ./Middlewares/Third_Party/FreeRTOS/Source/CMSIS_RTOS/cmsis_os.o
                0x08009ffa                osMutexCreate
 *fill*         0x0800a02a        0x2 
 .text.osMutexWait
                0x0800a02c       0x9c ./Middlewares/Third_Party/FreeRTOS/Source/CMSIS_RTOS/cmsis_os.o
                0x0800a02c                osMutexWait
 .text.osMutexRelease
                0x0800a0c8       0x6c ./Middlewares/Third_Party/FreeRTOS/Source/CMSIS_RTOS/cmsis_os.o
                0x0800a0c8                osMutexRelease
 .text.vListInitialise
                0x0800a134       0x3e ./Middlewares/Third_Party/FreeRTOS/Source/list.o
                0x0800a134                vListInitialise
 .text.vListInitialiseItem
                0x0800a172       0x18 ./Middlewares/Third_Party/FreeRTOS/Source/list.o
                0x0800a172                vListInitialiseItem
 .text.vListInsertEnd
                0x0800a18a       0x46 ./Middlewares/Third_Party/FreeRTOS/Source/list.o
                0x0800a18a                vListInsertEnd
 .text.vListInsert
                0x0800a1d0       0x70 ./Middlewares/Third_Party/FreeRTOS/Source/list.o
                0x0800a1d0                vListInsert
 .text.uxListRemove
                0x0800a240       0x52 ./Middlewares/Third_Party/FreeRTOS/Source/list.o
                0x0800a240                uxListRemove
 *fill*         0x0800a292        0x2 
 .text.xQueueGenericReset
                0x0800a294       0xd4 ./Middlewares/Third_Party/FreeRTOS/Source/queue.o
                0x0800a294                xQueueGenericReset
 .text.xQueueGenericCreateStatic
                0x0800a368       0xf8 ./Middlewares/Third_Party/FreeRTOS/Source/queue.o
                0x0800a368                xQueueGenericCreateStatic
 .text.xQueueGenericCreate
                0x0800a460       0x7e ./Middlewares/Third_Party/FreeRTOS/Source/queue.o
                0x0800a460                xQueueGenericCreate
 .text.prvInitialiseNewQueue
                0x0800a4de       0x3e ./Middlewares/Third_Party/FreeRTOS/Source/queue.o
 .text.prvInitialiseMutex
                0x0800a51c       0x34 ./Middlewares/Third_Party/FreeRTOS/Source/queue.o
 .text.xQueueCreateMutex
                0x0800a550       0x30 ./Middlewares/Third_Party/FreeRTOS/Source/queue.o
                0x0800a550                xQueueCreateMutex
 .text.xQueueCreateMutexStatic
                0x0800a580       0x36 ./Middlewares/Third_Party/FreeRTOS/Source/queue.o
                0x0800a580                xQueueCreateMutexStatic
 *fill*         0x0800a5b6        0x2 
 .text.xQueueGenericSend
                0x0800a5b8      0x204 ./Middlewares/Third_Party/FreeRTOS/Source/queue.o
                0x0800a5b8                xQueueGenericSend
 .text.xQueueGiveFromISR
                0x0800a7bc      0x120 ./Middlewares/Third_Party/FreeRTOS/Source/queue.o
                0x0800a7bc                xQueueGiveFromISR
 .text.xQueueSemaphoreTake
                0x0800a8dc      0x220 ./Middlewares/Third_Party/FreeRTOS/Source/queue.o
                0x0800a8dc                xQueueSemaphoreTake
 .text.xQueueReceiveFromISR
                0x0800aafc      0x104 ./Middlewares/Third_Party/FreeRTOS/Source/queue.o
                0x0800aafc                xQueueReceiveFromISR
 .text.prvGetDisinheritPriorityAfterTimeout
                0x0800ac00       0x2e ./Middlewares/Third_Party/FreeRTOS/Source/queue.o
 .text.prvCopyDataToQueue
                0x0800ac2e       0xd4 ./Middlewares/Third_Party/FreeRTOS/Source/queue.o
 .text.prvCopyDataFromQueue
                0x0800ad02       0x4c ./Middlewares/Third_Party/FreeRTOS/Source/queue.o
 .text.prvUnlockQueue
                0x0800ad4e       0xa4 ./Middlewares/Third_Party/FreeRTOS/Source/queue.o
 .text.prvIsQueueEmpty
                0x0800adf2       0x2c ./Middlewares/Third_Party/FreeRTOS/Source/queue.o
 .text.prvIsQueueFull
                0x0800ae1e       0x30 ./Middlewares/Third_Party/FreeRTOS/Source/queue.o
 .text.xTaskCreateStatic
                0x0800ae4e       0xbe ./Middlewares/Third_Party/FreeRTOS/Source/tasks.o
                0x0800ae4e                xTaskCreateStatic
 .text.xTaskCreate
                0x0800af0c       0x8a ./Middlewares/Third_Party/FreeRTOS/Source/tasks.o
                0x0800af0c                xTaskCreate
 .text.prvInitialiseNewTask
                0x0800af96      0x100 ./Middlewares/Third_Party/FreeRTOS/Source/tasks.o
 *fill*         0x0800b096        0x2 
 .text.prvAddNewTaskToReadyList
                0x0800b098       0xd4 ./Middlewares/Third_Party/FreeRTOS/Source/tasks.o
 .text.vTaskDelay
                0x0800b16c       0x6c ./Middlewares/Third_Party/FreeRTOS/Source/tasks.o
                0x0800b16c                vTaskDelay
 .text.vTaskStartScheduler
                0x0800b1d8       0xc4 ./Middlewares/Third_Party/FreeRTOS/Source/tasks.o
                0x0800b1d8                vTaskStartScheduler
 .text.vTaskSuspendAll
                0x0800b29c       0x1c ./Middlewares/Third_Party/FreeRTOS/Source/tasks.o
                0x0800b29c                vTaskSuspendAll
 .text.xTaskResumeAll
                0x0800b2b8      0x13c ./Middlewares/Third_Party/FreeRTOS/Source/tasks.o
                0x0800b2b8                xTaskResumeAll
 .text.xTaskIncrementTick
                0x0800b3f4      0x17c ./Middlewares/Third_Party/FreeRTOS/Source/tasks.o
                0x0800b3f4                xTaskIncrementTick
 .text.vTaskSwitchContext
                0x0800b570       0xb8 ./Middlewares/Third_Party/FreeRTOS/Source/tasks.o
                0x0800b570                vTaskSwitchContext
 .text.vTaskPlaceOnEventList
                0x0800b628       0x4c ./Middlewares/Third_Party/FreeRTOS/Source/tasks.o
                0x0800b628                vTaskPlaceOnEventList
 .text.xTaskRemoveFromEventList
                0x0800b674       0xc8 ./Middlewares/Third_Party/FreeRTOS/Source/tasks.o
                0x0800b674                xTaskRemoveFromEventList
 .text.vTaskInternalSetTimeOutState
                0x0800b73c       0x2c ./Middlewares/Third_Party/FreeRTOS/Source/tasks.o
                0x0800b73c                vTaskInternalSetTimeOutState
 .text.xTaskCheckForTimeOut
                0x0800b768       0xc8 ./Middlewares/Third_Party/FreeRTOS/Source/tasks.o
                0x0800b768                xTaskCheckForTimeOut
 .text.vTaskMissedYield
                0x0800b830       0x18 ./Middlewares/Third_Party/FreeRTOS/Source/tasks.o
                0x0800b830                vTaskMissedYield
 .text.prvIdleTask
                0x0800b848       0x30 ./Middlewares/Third_Party/FreeRTOS/Source/tasks.o
 .text.prvInitialiseTaskLists
                0x0800b878       0x80 ./Middlewares/Third_Party/FreeRTOS/Source/tasks.o
 .text.prvCheckTasksWaitingTermination
                0x0800b8f8       0x5c ./Middlewares/Third_Party/FreeRTOS/Source/tasks.o
 .text.prvDeleteTCB
                0x0800b954       0x60 ./Middlewares/Third_Party/FreeRTOS/Source/tasks.o
 .text.prvResetNextTaskUnblockTime
                0x0800b9b4       0x48 ./Middlewares/Third_Party/FreeRTOS/Source/tasks.o
 .text.xTaskGetSchedulerState
                0x0800b9fc       0x3c ./Middlewares/Third_Party/FreeRTOS/Source/tasks.o
                0x0800b9fc                xTaskGetSchedulerState
 .text.xTaskPriorityInherit
                0x0800ba38      0x10c ./Middlewares/Third_Party/FreeRTOS/Source/tasks.o
                0x0800ba38                xTaskPriorityInherit
 .text.xTaskPriorityDisinherit
                0x0800bb44      0x110 ./Middlewares/Third_Party/FreeRTOS/Source/tasks.o
                0x0800bb44                xTaskPriorityDisinherit
 .text.vTaskPriorityDisinheritAfterTimeout
                0x0800bc54      0x144 ./Middlewares/Third_Party/FreeRTOS/Source/tasks.o
                0x0800bc54                vTaskPriorityDisinheritAfterTimeout
 .text.pvTaskIncrementMutexHeldCount
                0x0800bd98       0x28 ./Middlewares/Third_Party/FreeRTOS/Source/tasks.o
                0x0800bd98                pvTaskIncrementMutexHeldCount
 .text.prvAddCurrentTaskToDelayedList
                0x0800bdc0       0xcc ./Middlewares/Third_Party/FreeRTOS/Source/tasks.o
 .text.pxPortInitialiseStack
                0x0800be8c       0x58 ./Middlewares/Third_Party/FreeRTOS/Source/portable/GCC/ARM_CM3/port.o
                0x0800be8c                pxPortInitialiseStack
 .text.prvTaskExitError
                0x0800bee4       0x58 ./Middlewares/Third_Party/FreeRTOS/Source/portable/GCC/ARM_CM3/port.o
 *fill*         0x0800bf3c        0x4 
 .text.SVC_Handler
                0x0800bf40       0x28 ./Middlewares/Third_Party/FreeRTOS/Source/portable/GCC/ARM_CM3/port.o
                0x0800bf40                SVC_Handler
 .text.prvPortStartFirstTask
                0x0800bf68       0x20 ./Middlewares/Third_Party/FreeRTOS/Source/portable/GCC/ARM_CM3/port.o
 .text.xPortStartScheduler
                0x0800bf88       0xe4 ./Middlewares/Third_Party/FreeRTOS/Source/portable/GCC/ARM_CM3/port.o
                0x0800bf88                xPortStartScheduler
 .text.vPortEnterCritical
                0x0800c06c       0x60 ./Middlewares/Third_Party/FreeRTOS/Source/portable/GCC/ARM_CM3/port.o
                0x0800c06c                vPortEnterCritical
 .text.vPortExitCritical
                0x0800c0cc       0x54 ./Middlewares/Third_Party/FreeRTOS/Source/portable/GCC/ARM_CM3/port.o
                0x0800c0cc                vPortExitCritical
 .text.PendSV_Handler
                0x0800c120       0x48 ./Middlewares/Third_Party/FreeRTOS/Source/portable/GCC/ARM_CM3/port.o
                0x0800c120                PendSV_Handler
 .text.SysTick_Handler
                0x0800c168       0x44 ./Middlewares/Third_Party/FreeRTOS/Source/portable/GCC/ARM_CM3/port.o
                0x0800c168                SysTick_Handler
 .text.vPortSetupTimerInterrupt
                0x0800c1ac       0x44 ./Middlewares/Third_Party/FreeRTOS/Source/portable/GCC/ARM_CM3/port.o
                0x0800c1ac                vPortSetupTimerInterrupt
 .text.vPortValidateInterruptPriority
                0x0800c1f0       0x80 ./Middlewares/Third_Party/FreeRTOS/Source/portable/GCC/ARM_CM3/port.o
                0x0800c1f0                vPortValidateInterruptPriority
 .text.pvPortMalloc
                0x0800c270      0x190 ./Middlewares/Third_Party/FreeRTOS/Source/portable/MemMang/heap_4.o
                0x0800c270                pvPortMalloc
 .text.vPortFree
                0x0800c400       0xb8 ./Middlewares/Third_Party/FreeRTOS/Source/portable/MemMang/heap_4.o
                0x0800c400                vPortFree
 .text.prvHeapInit
                0x0800c4b8       0xc4 ./Middlewares/Third_Party/FreeRTOS/Source/portable/MemMang/heap_4.o
 .text.prvInsertBlockIntoFreeList
                0x0800c57c       0xb0 ./Middlewares/Third_Party/FreeRTOS/Source/portable/MemMang/heap_4.o
 .text.MX_USB_DEVICE_Init
                0x0800c62c       0x60 ./USB_DEVICE/App/usb_device.o
                0x0800c62c                MX_USB_DEVICE_Init
 .text.CDC_Init_FS
                0x0800c68c       0x28 ./USB_DEVICE/App/usbd_cdc_if.o
 .text.CDC_DeInit_FS
                0x0800c6b4        0xe ./USB_DEVICE/App/usbd_cdc_if.o
 *fill*         0x0800c6c2        0x2 
 .text.CDC_Control_FS
                0x0800c6c4       0xbc ./USB_DEVICE/App/usbd_cdc_if.o
 .text.CDC_Receive_FS
                0x0800c780       0x80 ./USB_DEVICE/App/usbd_cdc_if.o
 .text.configure_peripheral_context
                0x0800c800      0x220 ./USB_DEVICE/App/usbd_cdc_if.o
                0x0800c800                configure_peripheral_context
 .text.CDC_Transmit_FS
                0x0800ca20       0x4c ./USB_DEVICE/App/usbd_cdc_if.o
                0x0800ca20                CDC_Transmit_FS
 .text.USBD_FS_DeviceDescriptor
                0x0800ca6c       0x24 ./USB_DEVICE/App/usbd_desc.o
                0x0800ca6c                USBD_FS_DeviceDescriptor
 .text.USBD_FS_LangIDStrDescriptor
                0x0800ca90       0x24 ./USB_DEVICE/App/usbd_desc.o
                0x0800ca90                USBD_FS_LangIDStrDescriptor
 .text.USBD_FS_ProductStrDescriptor
                0x0800cab4       0x3c ./USB_DEVICE/App/usbd_desc.o
                0x0800cab4                USBD_FS_ProductStrDescriptor
 .text.USBD_FS_ManufacturerStrDescriptor
                0x0800caf0       0x28 ./USB_DEVICE/App/usbd_desc.o
                0x0800caf0                USBD_FS_ManufacturerStrDescriptor
 .text.USBD_FS_SerialStrDescriptor
                0x0800cb18       0x24 ./USB_DEVICE/App/usbd_desc.o
                0x0800cb18                USBD_FS_SerialStrDescriptor
 .text.USBD_FS_ConfigStrDescriptor
                0x0800cb3c       0x3c ./USB_DEVICE/App/usbd_desc.o
                0x0800cb3c                USBD_FS_ConfigStrDescriptor
 .text.USBD_FS_InterfaceStrDescriptor
                0x0800cb78       0x3c ./USB_DEVICE/App/usbd_desc.o
                0x0800cb78                USBD_FS_InterfaceStrDescriptor
 .text.Get_SerialNum
                0x0800cbb4       0x58 ./USB_DEVICE/App/usbd_desc.o
 .text.IntToUnicode
                0x0800cc0c       0x7c ./USB_DEVICE/App/usbd_desc.o
 .text.HAL_PCD_MspInit
                0x0800cc88       0x4c ./USB_DEVICE/Target/usbd_conf.o
                0x0800cc88                HAL_PCD_MspInit
 .text.HAL_PCD_SetupStageCallback
                0x0800ccd4       0x24 ./USB_DEVICE/Target/usbd_conf.o
                0x0800ccd4                HAL_PCD_SetupStageCallback
 .text.HAL_PCD_DataOutStageCallback
                0x0800ccf8       0x36 ./USB_DEVICE/Target/usbd_conf.o
                0x0800ccf8                HAL_PCD_DataOutStageCallback
 .text.HAL_PCD_DataInStageCallback
                0x0800cd2e       0x34 ./USB_DEVICE/Target/usbd_conf.o
                0x0800cd2e                HAL_PCD_DataInStageCallback
 .text.HAL_PCD_SOFCallback
                0x0800cd62       0x1c ./USB_DEVICE/Target/usbd_conf.o
                0x0800cd62                HAL_PCD_SOFCallback
 .text.HAL_PCD_ResetCallback
                0x0800cd7e       0x3c ./USB_DEVICE/Target/usbd_conf.o
                0x0800cd7e                HAL_PCD_ResetCallback
 *fill*         0x0800cdba        0x2 
 .text.HAL_PCD_SuspendCallback
                0x0800cdbc       0x34 ./USB_DEVICE/Target/usbd_conf.o
                0x0800cdbc                HAL_PCD_SuspendCallback
 .text.HAL_PCD_ResumeCallback
                0x0800cdf0       0x1c ./USB_DEVICE/Target/usbd_conf.o
                0x0800cdf0                HAL_PCD_ResumeCallback
 .text.USBD_LL_Init
                0x0800ce0c       0xb4 ./USB_DEVICE/Target/usbd_conf.o
                0x0800ce0c                USBD_LL_Init
 .text.USBD_LL_Start
                0x0800cec0       0x36 ./USB_DEVICE/Target/usbd_conf.o
                0x0800cec0                USBD_LL_Start
 .text.USBD_LL_OpenEP
                0x0800cef6       0x4c ./USB_DEVICE/Target/usbd_conf.o
                0x0800cef6                USBD_LL_OpenEP
 .text.USBD_LL_CloseEP
                0x0800cf42       0x3e ./USB_DEVICE/Target/usbd_conf.o
                0x0800cf42                USBD_LL_CloseEP
 .text.USBD_LL_StallEP
                0x0800cf80       0x3e ./USB_DEVICE/Target/usbd_conf.o
                0x0800cf80                USBD_LL_StallEP
 .text.USBD_LL_ClearStallEP
                0x0800cfbe       0x3e ./USB_DEVICE/Target/usbd_conf.o
                0x0800cfbe                USBD_LL_ClearStallEP
 .text.USBD_LL_IsStallEP
                0x0800cffc       0x58 ./USB_DEVICE/Target/usbd_conf.o
                0x0800cffc                USBD_LL_IsStallEP
 .text.USBD_LL_SetUSBAddress
                0x0800d054       0x3e ./USB_DEVICE/Target/usbd_conf.o
                0x0800d054                USBD_LL_SetUSBAddress
 .text.USBD_LL_Transmit
                0x0800d092       0x46 ./USB_DEVICE/Target/usbd_conf.o
                0x0800d092                USBD_LL_Transmit
 .text.USBD_LL_PrepareReceive
                0x0800d0d8       0x46 ./USB_DEVICE/Target/usbd_conf.o
                0x0800d0d8                USBD_LL_PrepareReceive
 .text.USBD_LL_GetRxDataSize
                0x0800d11e       0x26 ./USB_DEVICE/Target/usbd_conf.o
                0x0800d11e                USBD_LL_GetRxDataSize
 .text.USBD_static_malloc
                0x0800d144       0x18 ./USB_DEVICE/Target/usbd_conf.o
                0x0800d144                USBD_static_malloc
 .text.USBD_static_free
                0x0800d15c       0x12 ./USB_DEVICE/Target/usbd_conf.o
                0x0800d15c                USBD_static_free
 .text.HAL_PCDEx_SetConnectionState
                0x0800d16e       0x16 ./USB_DEVICE/Target/usbd_conf.o
                0x0800d16e                HAL_PCDEx_SetConnectionState
 .text.USBD_Get_USB_Status
                0x0800d184       0x58 ./USB_DEVICE/Target/usbd_conf.o
 .text.memset   0x0800d1dc       0x10 /Applications/STM32CubeIDE.app/Contents/Eclipse/plugins/com.st.stm32cube.ide.mcu.externaltools.gnu-tools-for-stm32.12.3.rel1.macos64_1.0.100.202403111906/tools/bin/../lib/gcc/arm-none-eabi/12.3.1/../../../../arm-none-eabi/lib/thumb/v7-m/nofp/libc_nano.a(libc_a-memset.o)
                0x0800d1dc                memset
 .text.__libc_init_array
                0x0800d1ec       0x48 /Applications/STM32CubeIDE.app/Contents/Eclipse/plugins/com.st.stm32cube.ide.mcu.externaltools.gnu-tools-for-stm32.12.3.rel1.macos64_1.0.100.202403111906/tools/bin/../lib/gcc/arm-none-eabi/12.3.1/../../../../arm-none-eabi/lib/thumb/v7-m/nofp/libc_nano.a(libc_a-init.o)
                0x0800d1ec                __libc_init_array
 .text.memcpy   0x0800d234       0x1c /Applications/STM32CubeIDE.app/Contents/Eclipse/plugins/com.st.stm32cube.ide.mcu.externaltools.gnu-tools-for-stm32.12.3.rel1.macos64_1.0.100.202403111906/tools/bin/../lib/gcc/arm-none-eabi/12.3.1/../../../../arm-none-eabi/lib/thumb/v7-m/nofp/libc_nano.a(libc_a-memcpy-stub.o)
                0x0800d234                memcpy
 *(.glue_7)
 .glue_7        0x0800d250        0x0 linker stubs
 *(.glue_7t)
 .glue_7t       0x0800d250        0x0 linker stubs
 *(.eh_frame)
 .eh_frame      0x0800d250        0x0 /Applications/STM32CubeIDE.app/Contents/Eclipse/plugins/com.st.stm32cube.ide.mcu.externaltools.gnu-tools-for-stm32.12.3.rel1.macos64_1.0.100.202403111906/tools/bin/../lib/gcc/arm-none-eabi/12.3.1/thumb/v7-m/nofp/crtbegin.o
 *(.init)
 .init          0x0800d250        0x4 /Applications/STM32CubeIDE.app/Contents/Eclipse/plugins/com.st.stm32cube.ide.mcu.externaltools.gnu-tools-for-stm32.12.3.rel1.macos64_1.0.100.202403111906/tools/bin/../lib/gcc/arm-none-eabi/12.3.1/thumb/v7-m/nofp/crti.o
                0x0800d250                _init
 .init          0x0800d254        0x8 /Applications/STM32CubeIDE.app/Contents/Eclipse/plugins/com.st.stm32cube.ide.mcu.externaltools.gnu-tools-for-stm32.12.3.rel1.macos64_1.0.100.202403111906/tools/bin/../lib/gcc/arm-none-eabi/12.3.1/thumb/v7-m/nofp/crtn.o
 *(.fini)
 .fini          0x0800d25c        0x4 /Applications/STM32CubeIDE.app/Contents/Eclipse/plugins/com.st.stm32cube.ide.mcu.externaltools.gnu-tools-for-stm32.12.3.rel1.macos64_1.0.100.202403111906/tools/bin/../lib/gcc/arm-none-eabi/12.3.1/thumb/v7-m/nofp/crti.o
                0x0800d25c                _fini
 .fini          0x0800d260        0x8 /Applications/STM32CubeIDE.app/Contents/Eclipse/plugins/com.st.stm32cube.ide.mcu.externaltools.gnu-tools-for-stm32.12.3.rel1.macos64_1.0.100.202403111906/tools/bin/../lib/gcc/arm-none-eabi/12.3.1/thumb/v7-m/nofp/crtn.o
                0x0800d268                        . = ALIGN (0x4)
                0x0800d268                        _etext = .

.vfp11_veneer   0x0800d268        0x0
 .vfp11_veneer  0x0800d268        0x0 linker stubs

.v4_bx          0x0800d268        0x0
 .v4_bx         0x0800d268        0x0 linker stubs

.iplt           0x0800d268        0x0
 .iplt          0x0800d268        0x0 /Applications/STM32CubeIDE.app/Contents/Eclipse/plugins/com.st.stm32cube.ide.mcu.externaltools.gnu-tools-for-stm32.12.3.rel1.macos64_1.0.100.202403111906/tools/bin/../lib/gcc/arm-none-eabi/12.3.1/thumb/v7-m/nofp/crtbegin.o

.rodata         0x0800d268       0xc0
                0x0800d268                        . = ALIGN (0x4)
 *(.rodata)
 .rodata        0x0800d268       0x30 ./Core/Src/main.o
 .rodata        0x0800d298        0x5 ./Middlewares/Third_Party/FreeRTOS/Source/tasks.o
 *fill*         0x0800d29d        0x3 
 .rodata        0x0800d2a0       0x46 ./USB_DEVICE/App/usbd_desc.o
 *(.rodata*)
 *fill*         0x0800d2e6        0x2 
 .rodata.AHBPrescTable
                0x0800d2e8       0x10 ./Core/Src/system_stm32f1xx.o
                0x0800d2e8                AHBPrescTable
 .rodata.APBPrescTable
                0x0800d2f8        0x8 ./Core/Src/system_stm32f1xx.o
                0x0800d2f8                APBPrescTable
 .rodata.aPLLMULFactorTable.1
                0x0800d300       0x10 ./Drivers/STM32F1xx_HAL_Driver/Src/stm32f1xx_hal_rcc.o
 .rodata.aPredivFactorTable.0
                0x0800d310        0x2 ./Drivers/STM32F1xx_HAL_Driver/Src/stm32f1xx_hal_rcc.o
 *fill*         0x0800d312        0x2 
 .rodata.aPLLMULFactorTable.1
                0x0800d314       0x10 ./Drivers/STM32F1xx_HAL_Driver/Src/stm32f1xx_hal_rcc_ex.o
 .rodata.aPredivFactorTable.0
                0x0800d324        0x2 ./Drivers/STM32F1xx_HAL_Driver/Src/stm32f1xx_hal_rcc_ex.o
                0x0800d328                        . = ALIGN (0x4)
 *fill*         0x0800d326        0x2 

.ARM.extab      0x0800d328        0x0
                0x0800d328                        . = ALIGN (0x4)
 *(.ARM.extab* .gnu.linkonce.armextab.*)
                0x0800d328                        . = ALIGN (0x4)

.ARM            0x0800d328        0x0
                0x0800d328                        . = ALIGN (0x4)
                0x0800d328                        __exidx_start = .
 *(.ARM.exidx*)
                0x0800d328                        __exidx_end = .
                0x0800d328                        . = ALIGN (0x4)

.preinit_array  0x0800d328        0x0
                0x0800d328                        . = ALIGN (0x4)
                0x0800d328                        PROVIDE (__preinit_array_start = .)
 *(.preinit_array*)
                0x0800d328                        PROVIDE (__preinit_array_end = .)
                0x0800d328                        . = ALIGN (0x4)

.init_array     0x0800d328        0x4
                0x0800d328                        . = ALIGN (0x4)
                0x0800d328                        PROVIDE (__init_array_start = .)
 *(SORT_BY_NAME(.init_array.*))
 *(.init_array*)
 .init_array    0x0800d328        0x4 /Applications/STM32CubeIDE.app/Contents/Eclipse/plugins/com.st.stm32cube.ide.mcu.externaltools.gnu-tools-for-stm32.12.3.rel1.macos64_1.0.100.202403111906/tools/bin/../lib/gcc/arm-none-eabi/12.3.1/thumb/v7-m/nofp/crtbegin.o
                0x0800d32c                        PROVIDE (__init_array_end = .)
                0x0800d32c                        . = ALIGN (0x4)

.fini_array     0x0800d32c        0x4
                0x0800d32c                        . = ALIGN (0x4)
                [!provide]                        PROVIDE (__fini_array_start = .)
 *(SORT_BY_NAME(.fini_array.*))
 *(.fini_array*)
 .fini_array    0x0800d32c        0x4 /Applications/STM32CubeIDE.app/Contents/Eclipse/plugins/com.st.stm32cube.ide.mcu.externaltools.gnu-tools-for-stm32.12.3.rel1.macos64_1.0.100.202403111906/tools/bin/../lib/gcc/arm-none-eabi/12.3.1/thumb/v7-m/nofp/crtbegin.o
                [!provide]                        PROVIDE (__fini_array_end = .)
                0x0800d330                        . = ALIGN (0x4)
                0x0800d330                        _sidata = LOADADDR (.data)

.rel.dyn        0x0800d330        0x0
 .rel.iplt      0x0800d330        0x0 /Applications/STM32CubeIDE.app/Contents/Eclipse/plugins/com.st.stm32cube.ide.mcu.externaltools.gnu-tools-for-stm32.12.3.rel1.macos64_1.0.100.202403111906/tools/bin/../lib/gcc/arm-none-eabi/12.3.1/thumb/v7-m/nofp/crtbegin.o

.data           0x20000000      0x188 load address 0x0800d330
                0x20000000                        . = ALIGN (0x4)
                0x20000000                        _sdata = .
 *(.data)
 *(.data*)
 .data.xTaskI2C_flag
                0x20000000        0x1 ./Core/Src/main.o
                0x20000000                xTaskI2C_flag
 .data.pwm1_duty
                0x20000001        0x1 ./Core/Src/main.o
                0x20000001                pwm1_duty
 .data.pwm2_duty
                0x20000002        0x1 ./Core/Src/main.o
                0x20000002                pwm2_duty
 *fill*         0x20000003        0x1 
 .data.pwm1_freq
                0x20000004        0x2 ./Core/Src/main.o
                0x20000004                pwm1_freq
 .data.pwm2_freq
                0x20000006        0x2 ./Core/Src/main.o
                0x20000006                pwm2_freq
 .data.SystemCoreClock
                0x20000008        0x4 ./Core/Src/system_stm32f1xx.o
                0x20000008                SystemCoreClock
 .data.uwTickPrio
                0x2000000c        0x4 ./Drivers/STM32F1xx_HAL_Driver/Src/stm32f1xx_hal.o
                0x2000000c                uwTickPrio
 .data.uwTickFreq
                0x20000010        0x1 ./Drivers/STM32F1xx_HAL_Driver/Src/stm32f1xx_hal.o
                0x20000010                uwTickFreq
 *fill*         0x20000011        0x3 
 .data.USBD_CDC_DeviceQualifierDesc
                0x20000014        0xa ./Middlewares/ST/STM32_USB_Device_Library/Class/CDC/Src/usbd_cdc.o
 *fill*         0x2000001e        0x2 
 .data.USBD_CDC
                0x20000020       0x38 ./Middlewares/ST/STM32_USB_Device_Library/Class/CDC/Src/usbd_cdc.o
                0x20000020                USBD_CDC
 .data.USBD_CDC_CfgHSDesc
                0x20000058       0x43 ./Middlewares/ST/STM32_USB_Device_Library/Class/CDC/Src/usbd_cdc.o
                0x20000058                USBD_CDC_CfgHSDesc
 *fill*         0x2000009b        0x1 
 .data.USBD_CDC_CfgFSDesc
                0x2000009c       0x43 ./Middlewares/ST/STM32_USB_Device_Library/Class/CDC/Src/usbd_cdc.o
                0x2000009c                USBD_CDC_CfgFSDesc
 *fill*         0x200000df        0x1 
 .data.USBD_CDC_OtherSpeedCfgDesc
                0x200000e0       0x43 ./Middlewares/ST/STM32_USB_Device_Library/Class/CDC/Src/usbd_cdc.o
                0x200000e0                USBD_CDC_OtherSpeedCfgDesc
 *fill*         0x20000123        0x1 
 .data.uxCriticalNesting
                0x20000124        0x4 ./Middlewares/Third_Party/FreeRTOS/Source/portable/GCC/ARM_CM3/port.o
 .data.USBD_Interface_fops_FS
                0x20000128       0x10 ./USB_DEVICE/App/usbd_cdc_if.o
                0x20000128                USBD_Interface_fops_FS
 .data.FS_Desc  0x20000138       0x1c ./USB_DEVICE/App/usbd_desc.o
                0x20000138                FS_Desc
 .data.USBD_FS_DeviceDesc
                0x20000154       0x12 ./USB_DEVICE/App/usbd_desc.o
                0x20000154                USBD_FS_DeviceDesc
 *fill*         0x20000166        0x2 
 .data.USBD_LangIDDesc
                0x20000168        0x4 ./USB_DEVICE/App/usbd_desc.o
                0x20000168                USBD_LangIDDesc
 .data.USBD_StringSerial
                0x2000016c       0x1a ./USB_DEVICE/App/usbd_desc.o
                0x2000016c                USBD_StringSerial
 *(.RamFunc)
 *(.RamFunc*)
                0x20000188                        . = ALIGN (0x4)
 *fill*         0x20000186        0x2 
                0x20000188                        _edata = .

.igot.plt       0x20000188        0x0 load address 0x0800d4b8
 .igot.plt      0x20000188        0x0 /Applications/STM32CubeIDE.app/Contents/Eclipse/plugins/com.st.stm32cube.ide.mcu.externaltools.gnu-tools-for-stm32.12.3.rel1.macos64_1.0.100.202403111906/tools/bin/../lib/gcc/arm-none-eabi/12.3.1/thumb/v7-m/nofp/crtbegin.o
                0x20000188                        . = ALIGN (0x4)

.bss            0x20000188     0x2390 load address 0x0800d4b8
                0x20000188                        _sbss = .
                0x20000188                        __bss_start__ = _sbss
 *(.bss)
 .bss           0x20000188       0x1c /Applications/STM32CubeIDE.app/Contents/Eclipse/plugins/com.st.stm32cube.ide.mcu.externaltools.gnu-tools-for-stm32.12.3.rel1.macos64_1.0.100.202403111906/tools/bin/../lib/gcc/arm-none-eabi/12.3.1/thumb/v7-m/nofp/crtbegin.o
 *(.bss*)
 .bss.xIdleTaskTCBBuffer
                0x200001a4       0x54 ./Core/Src/freertos.o
 .bss.xIdleStack
                0x200001f8      0x200 ./Core/Src/freertos.o
 .bss.hadc1     0x200003f8       0x30 ./Core/Src/main.o
                0x200003f8                hadc1
 .bss.hdma_adc1
                0x20000428       0x44 ./Core/Src/main.o
                0x20000428                hdma_adc1
 .bss.hi2c1     0x2000046c       0x54 ./Core/Src/main.o
                0x2000046c                hi2c1
 .bss.htim1     0x200004c0       0x48 ./Core/Src/main.o
                0x200004c0                htim1
 .bss.htim2     0x20000508       0x48 ./Core/Src/main.o
                0x20000508                htim2
 .bss.htim3     0x20000550       0x48 ./Core/Src/main.o
                0x20000550                htim3
 .bss.xTask_ADCHandle
                0x20000598        0x4 ./Core/Src/main.o
                0x20000598                xTask_ADCHandle
 .bss.usb_mutexHandle
                0x2000059c        0x4 ./Core/Src/main.o
                0x2000059c                usb_mutexHandle
 .bss.xTaskPIO_flag
                0x200005a0        0x1 ./Core/Src/main.o
                0x200005a0                xTaskPIO_flag
 .bss.xTaskADC_flag
                0x200005a1        0x1 ./Core/Src/main.o
                0x200005a1                xTaskADC_flag
 .bss.xTaskPWM1_flag
                0x200005a2        0x1 ./Core/Src/main.o
                0x200005a2                xTaskPWM1_flag
 .bss.xTaskPWM2_flag
                0x200005a3        0x1 ./Core/Src/main.o
                0x200005a3                xTaskPWM2_flag
 .bss.xTaskPWM1_flag_toggle
                0x200005a4        0x1 ./Core/Src/main.o
                0x200005a4                xTaskPWM1_flag_toggle
 .bss.xTaskPWM2_flag_toggle
                0x200005a5        0x1 ./Core/Src/main.o
                0x200005a5                xTaskPWM2_flag_toggle
 *fill*         0x200005a6        0x2 
 .bss.htim4     0x200005a8       0x48 ./Core/Src/stm32f1xx_hal_timebase_tim.o
                0x200005a8                htim4
 .bss.uwTick    0x200005f0        0x4 ./Drivers/STM32F1xx_HAL_Driver/Src/stm32f1xx_hal.o
                0x200005f0                uwTick
 .bss.cfgidx.0  0x200005f4        0x1 ./Middlewares/ST/STM32_USB_Device_Library/Core/Src/usbd_ctlreq.o
 *fill*         0x200005f5        0x3 
 .bss.pxCurrentTCB
                0x200005f8        0x4 ./Middlewares/Third_Party/FreeRTOS/Source/tasks.o
                0x200005f8                pxCurrentTCB
 .bss.pxReadyTasksLists
                0x200005fc       0x8c ./Middlewares/Third_Party/FreeRTOS/Source/tasks.o
 .bss.xDelayedTaskList1
                0x20000688       0x14 ./Middlewares/Third_Party/FreeRTOS/Source/tasks.o
 .bss.xDelayedTaskList2
                0x2000069c       0x14 ./Middlewares/Third_Party/FreeRTOS/Source/tasks.o
 .bss.pxDelayedTaskList
                0x200006b0        0x4 ./Middlewares/Third_Party/FreeRTOS/Source/tasks.o
 .bss.pxOverflowDelayedTaskList
                0x200006b4        0x4 ./Middlewares/Third_Party/FreeRTOS/Source/tasks.o
 .bss.xPendingReadyList
                0x200006b8       0x14 ./Middlewares/Third_Party/FreeRTOS/Source/tasks.o
 .bss.xTasksWaitingTermination
                0x200006cc       0x14 ./Middlewares/Third_Party/FreeRTOS/Source/tasks.o
 .bss.uxDeletedTasksWaitingCleanUp
                0x200006e0        0x4 ./Middlewares/Third_Party/FreeRTOS/Source/tasks.o
 .bss.xSuspendedTaskList
                0x200006e4       0x14 ./Middlewares/Third_Party/FreeRTOS/Source/tasks.o
 .bss.uxCurrentNumberOfTasks
                0x200006f8        0x4 ./Middlewares/Third_Party/FreeRTOS/Source/tasks.o
 .bss.xTickCount
                0x200006fc        0x4 ./Middlewares/Third_Party/FreeRTOS/Source/tasks.o
 .bss.uxTopReadyPriority
                0x20000700        0x4 ./Middlewares/Third_Party/FreeRTOS/Source/tasks.o
 .bss.xSchedulerRunning
                0x20000704        0x4 ./Middlewares/Third_Party/FreeRTOS/Source/tasks.o
 .bss.uxPendedTicks
                0x20000708        0x4 ./Middlewares/Third_Party/FreeRTOS/Source/tasks.o
 .bss.xYieldPending
                0x2000070c        0x4 ./Middlewares/Third_Party/FreeRTOS/Source/tasks.o
 .bss.xNumOfOverflows
                0x20000710        0x4 ./Middlewares/Third_Party/FreeRTOS/Source/tasks.o
 .bss.uxTaskNumber
                0x20000714        0x4 ./Middlewares/Third_Party/FreeRTOS/Source/tasks.o
 .bss.xNextTaskUnblockTime
                0x20000718        0x4 ./Middlewares/Third_Party/FreeRTOS/Source/tasks.o
 .bss.xIdleTaskHandle
                0x2000071c        0x4 ./Middlewares/Third_Party/FreeRTOS/Source/tasks.o
 .bss.uxSchedulerSuspended
                0x20000720        0x4 ./Middlewares/Third_Party/FreeRTOS/Source/tasks.o
 .bss.ucMaxSysCallPriority
                0x20000724        0x1 ./Middlewares/Third_Party/FreeRTOS/Source/portable/GCC/ARM_CM3/port.o
 *fill*         0x20000725        0x3 
 .bss.ulMaxPRIGROUPValue
                0x20000728        0x4 ./Middlewares/Third_Party/FreeRTOS/Source/portable/GCC/ARM_CM3/port.o
 .bss.ucHeap    0x2000072c      0xc00 ./Middlewares/Third_Party/FreeRTOS/Source/portable/MemMang/heap_4.o
 .bss.xStart    0x2000132c        0x8 ./Middlewares/Third_Party/FreeRTOS/Source/portable/MemMang/heap_4.o
 .bss.pxEnd     0x20001334        0x4 ./Middlewares/Third_Party/FreeRTOS/Source/portable/MemMang/heap_4.o
 .bss.xFreeBytesRemaining
                0x20001338        0x4 ./Middlewares/Third_Party/FreeRTOS/Source/portable/MemMang/heap_4.o
 .bss.xMinimumEverFreeBytesRemaining
                0x2000133c        0x4 ./Middlewares/Third_Party/FreeRTOS/Source/portable/MemMang/heap_4.o
 .bss.xBlockAllocatedBit
                0x20001340        0x4 ./Middlewares/Third_Party/FreeRTOS/Source/portable/MemMang/heap_4.o
 .bss.hUsbDeviceFS
                0x20001344      0x2c4 ./USB_DEVICE/App/usb_device.o
                0x20001344                hUsbDeviceFS
 .bss.UserRxBufferFS
                0x20001608      0x400 ./USB_DEVICE/App/usbd_cdc_if.o
                0x20001608                UserRxBufferFS
 .bss.UserTxBufferFS
                0x20001a08      0x400 ./USB_DEVICE/App/usbd_cdc_if.o
                0x20001a08                UserTxBufferFS
 .bss.USBD_StrDesc
                0x20001e08      0x200 ./USB_DEVICE/App/usbd_desc.o
                0x20001e08                USBD_StrDesc
 .bss.hpcd_USB_FS
                0x20002008      0x2f0 ./USB_DEVICE/Target/usbd_conf.o
                0x20002008                hpcd_USB_FS
 .bss.mem.0     0x200022f8      0x220 ./USB_DEVICE/Target/usbd_conf.o
 *(COMMON)
                0x20002518                        . = ALIGN (0x4)
                0x20002518                        _ebss = .
                0x20002518                        __bss_end__ = _ebss

._user_heap_stack
                0x20002518      0x600 load address 0x0800d4b8
                0x20002518                        . = ALIGN (0x8)
                [!provide]                        PROVIDE (end = .)
                0x20002518                        PROVIDE (_end = .)
                0x20002718                        . = (. + _Min_Heap_Size)
 *fill*         0x20002518      0x200 
                0x20002b18                        . = (. + _Min_Stack_Size)
 *fill*         0x20002718      0x400 
                0x20002b18                        . = ALIGN (0x8)

/DISCARD/
 libc.a(*)
 libm.a(*)
 libgcc.a(*)

.ARM.attributes
                0x00000000       0x29
 *(.ARM.attributes)
 .ARM.attributes
                0x00000000       0x1d /Applications/STM32CubeIDE.app/Contents/Eclipse/plugins/com.st.stm32cube.ide.mcu.externaltools.gnu-tools-for-stm32.12.3.rel1.macos64_1.0.100.202403111906/tools/bin/../lib/gcc/arm-none-eabi/12.3.1/thumb/v7-m/nofp/crti.o
 .ARM.attributes
                0x0000001d       0x2d /Applications/STM32CubeIDE.app/Contents/Eclipse/plugins/com.st.stm32cube.ide.mcu.externaltools.gnu-tools-for-stm32.12.3.rel1.macos64_1.0.100.202403111906/tools/bin/../lib/gcc/arm-none-eabi/12.3.1/thumb/v7-m/nofp/crtbegin.o
 .ARM.attributes
                0x0000004a       0x2d ./Core/Src/freertos.o
 .ARM.attributes
                0x00000077       0x2d ./Core/Src/main.o
 .ARM.attributes
                0x000000a4       0x2d ./Core/Src/stm32f1xx_hal_msp.o
 .ARM.attributes
                0x000000d1       0x2d ./Core/Src/stm32f1xx_hal_timebase_tim.o
 .ARM.attributes
                0x000000fe       0x2d ./Core/Src/stm32f1xx_it.o
 .ARM.attributes
                0x0000012b       0x2d ./Core/Src/system_stm32f1xx.o
 .ARM.attributes
                0x00000158       0x21 ./Core/Startup/startup_stm32f103c8tx.o
 .ARM.attributes
                0x00000179       0x2d ./Drivers/STM32F1xx_HAL_Driver/Src/stm32f1xx_hal.o
 .ARM.attributes
                0x000001a6       0x2d ./Drivers/STM32F1xx_HAL_Driver/Src/stm32f1xx_hal_adc.o
 .ARM.attributes
                0x000001d3       0x2d ./Drivers/STM32F1xx_HAL_Driver/Src/stm32f1xx_hal_adc_ex.o
 .ARM.attributes
                0x00000200       0x2d ./Drivers/STM32F1xx_HAL_Driver/Src/stm32f1xx_hal_cortex.o
 .ARM.attributes
                0x0000022d       0x2d ./Drivers/STM32F1xx_HAL_Driver/Src/stm32f1xx_hal_dma.o
 .ARM.attributes
                0x0000025a       0x2d ./Drivers/STM32F1xx_HAL_Driver/Src/stm32f1xx_hal_gpio.o
 .ARM.attributes
                0x00000287       0x2d ./Drivers/STM32F1xx_HAL_Driver/Src/stm32f1xx_hal_i2c.o
 .ARM.attributes
                0x000002b4       0x2d ./Drivers/STM32F1xx_HAL_Driver/Src/stm32f1xx_hal_pcd.o
 .ARM.attributes
                0x000002e1       0x2d ./Drivers/STM32F1xx_HAL_Driver/Src/stm32f1xx_hal_pcd_ex.o
 .ARM.attributes
                0x0000030e       0x2d ./Drivers/STM32F1xx_HAL_Driver/Src/stm32f1xx_hal_rcc.o
 .ARM.attributes
                0x0000033b       0x2d ./Drivers/STM32F1xx_HAL_Driver/Src/stm32f1xx_hal_rcc_ex.o
 .ARM.attributes
                0x00000368       0x2d ./Drivers/STM32F1xx_HAL_Driver/Src/stm32f1xx_hal_tim.o
 .ARM.attributes
                0x00000395       0x2d ./Drivers/STM32F1xx_HAL_Driver/Src/stm32f1xx_hal_tim_ex.o
 .ARM.attributes
                0x000003c2       0x2d ./Drivers/STM32F1xx_HAL_Driver/Src/stm32f1xx_ll_usb.o
 .ARM.attributes
                0x000003ef       0x2d ./Middlewares/ST/STM32_USB_Device_Library/Class/CDC/Src/usbd_cdc.o
 .ARM.attributes
                0x0000041c       0x2d ./Middlewares/ST/STM32_USB_Device_Library/Core/Src/usbd_core.o
 .ARM.attributes
                0x00000449       0x2d ./Middlewares/ST/STM32_USB_Device_Library/Core/Src/usbd_ctlreq.o
 .ARM.attributes
                0x00000476       0x2d ./Middlewares/ST/STM32_USB_Device_Library/Core/Src/usbd_ioreq.o
 .ARM.attributes
                0x000004a3       0x2d ./Middlewares/Third_Party/FreeRTOS/Source/CMSIS_RTOS/cmsis_os.o
 .ARM.attributes
                0x000004d0       0x2d ./Middlewares/Third_Party/FreeRTOS/Source/list.o
 .ARM.attributes
                0x000004fd       0x2d ./Middlewares/Third_Party/FreeRTOS/Source/queue.o
 .ARM.attributes
                0x0000052a       0x2d ./Middlewares/Third_Party/FreeRTOS/Source/tasks.o
 .ARM.attributes
                0x00000557       0x2d ./Middlewares/Third_Party/FreeRTOS/Source/portable/GCC/ARM_CM3/port.o
 .ARM.attributes
                0x00000584       0x2d ./Middlewares/Third_Party/FreeRTOS/Source/portable/MemMang/heap_4.o
 .ARM.attributes
                0x000005b1       0x2d ./USB_DEVICE/App/usb_device.o
 .ARM.attributes
                0x000005de       0x2d ./USB_DEVICE/App/usbd_cdc_if.o
 .ARM.attributes
                0x0000060b       0x2d ./USB_DEVICE/App/usbd_desc.o
 .ARM.attributes
                0x00000638       0x2d ./USB_DEVICE/Target/usbd_conf.o
 .ARM.attributes
                0x00000665       0x2d /Applications/STM32CubeIDE.app/Contents/Eclipse/plugins/com.st.stm32cube.ide.mcu.externaltools.gnu-tools-for-stm32.12.3.rel1.macos64_1.0.100.202403111906/tools/bin/../lib/gcc/arm-none-eabi/12.3.1/../../../../arm-none-eabi/lib/thumb/v7-m/nofp/libc_nano.a(libc_a-memset.o)
 .ARM.attributes
                0x00000692       0x2d /Applications/STM32CubeIDE.app/Contents/Eclipse/plugins/com.st.stm32cube.ide.mcu.externaltools.gnu-tools-for-stm32.12.3.rel1.macos64_1.0.100.202403111906/tools/bin/../lib/gcc/arm-none-eabi/12.3.1/../../../../arm-none-eabi/lib/thumb/v7-m/nofp/libc_nano.a(libc_a-init.o)
 .ARM.attributes
                0x000006bf       0x2d /Applications/STM32CubeIDE.app/Contents/Eclipse/plugins/com.st.stm32cube.ide.mcu.externaltools.gnu-tools-for-stm32.12.3.rel1.macos64_1.0.100.202403111906/tools/bin/../lib/gcc/arm-none-eabi/12.3.1/../../../../arm-none-eabi/lib/thumb/v7-m/nofp/libc_nano.a(libc_a-memcpy-stub.o)
 .ARM.attributes
                0x000006ec       0x1d /Applications/STM32CubeIDE.app/Contents/Eclipse/plugins/com.st.stm32cube.ide.mcu.externaltools.gnu-tools-for-stm32.12.3.rel1.macos64_1.0.100.202403111906/tools/bin/../lib/gcc/arm-none-eabi/12.3.1/thumb/v7-m/nofp/crtn.o
OUTPUT(SWD_PROTO.elf elf32-littlearm)
LOAD linker stubs
LOAD /Applications/STM32CubeIDE.app/Contents/Eclipse/plugins/com.st.stm32cube.ide.mcu.externaltools.gnu-tools-for-stm32.12.3.rel1.macos64_1.0.100.202403111906/tools/bin/../lib/gcc/arm-none-eabi/12.3.1/../../../../arm-none-eabi/lib/thumb/v7-m/nofp/libc.a
LOAD /Applications/STM32CubeIDE.app/Contents/Eclipse/plugins/com.st.stm32cube.ide.mcu.externaltools.gnu-tools-for-stm32.12.3.rel1.macos64_1.0.100.202403111906/tools/bin/../lib/gcc/arm-none-eabi/12.3.1/../../../../arm-none-eabi/lib/thumb/v7-m/nofp/libm.a
LOAD /Applications/STM32CubeIDE.app/Contents/Eclipse/plugins/com.st.stm32cube.ide.mcu.externaltools.gnu-tools-for-stm32.12.3.rel1.macos64_1.0.100.202403111906/tools/bin/../lib/gcc/arm-none-eabi/12.3.1/thumb/v7-m/nofp/libgcc.a

.debug_info     0x00000000    0x1d3ab
 .debug_info    0x00000000      0x279 ./Core/Src/freertos.o
 .debug_info    0x00000279     0x20aa ./Core/Src/main.o
 .debug_info    0x00002323     0x11b5 ./Core/Src/stm32f1xx_hal_msp.o
 .debug_info    0x000034d8      0x9a8 ./Core/Src/stm32f1xx_hal_timebase_tim.o
 .debug_info    0x00003e80      0xb7a ./Core/Src/stm32f1xx_it.o
 .debug_info    0x000049fa      0x222 ./Core/Src/system_stm32f1xx.o
 .debug_info    0x00004c1c       0x30 ./Core/Startup/startup_stm32f103c8tx.o
 .debug_info    0x00004c4c      0x704 ./Drivers/STM32F1xx_HAL_Driver/Src/stm32f1xx_hal.o
 .debug_info    0x00005350      0xc50 ./Drivers/STM32F1xx_HAL_Driver/Src/stm32f1xx_hal_adc.o
 .debug_info    0x00005fa0      0xa10 ./Drivers/STM32F1xx_HAL_Driver/Src/stm32f1xx_hal_adc_ex.o
 .debug_info    0x000069b0      0xa87 ./Drivers/STM32F1xx_HAL_Driver/Src/stm32f1xx_hal_cortex.o
 .debug_info    0x00007437      0x6d2 ./Drivers/STM32F1xx_HAL_Driver/Src/stm32f1xx_hal_dma.o
 .debug_info    0x00007b09      0x5ab ./Drivers/STM32F1xx_HAL_Driver/Src/stm32f1xx_hal_gpio.o
 .debug_info    0x000080b4     0x2515 ./Drivers/STM32F1xx_HAL_Driver/Src/stm32f1xx_hal_i2c.o
 .debug_info    0x0000a5c9     0x16cf ./Drivers/STM32F1xx_HAL_Driver/Src/stm32f1xx_hal_pcd.o
 .debug_info    0x0000bc98      0x6b6 ./Drivers/STM32F1xx_HAL_Driver/Src/stm32f1xx_hal_pcd_ex.o
 .debug_info    0x0000c34e      0x7d5 ./Drivers/STM32F1xx_HAL_Driver/Src/stm32f1xx_hal_rcc.o
 .debug_info    0x0000cb23      0x3c0 ./Drivers/STM32F1xx_HAL_Driver/Src/stm32f1xx_hal_rcc_ex.o
 .debug_info    0x0000cee3     0x293b ./Drivers/STM32F1xx_HAL_Driver/Src/stm32f1xx_hal_tim.o
 .debug_info    0x0000f81e     0x149b ./Drivers/STM32F1xx_HAL_Driver/Src/stm32f1xx_hal_tim_ex.o
 .debug_info    0x00010cb9     0x17a2 ./Drivers/STM32F1xx_HAL_Driver/Src/stm32f1xx_ll_usb.o
 .debug_info    0x0001245b     0x1036 ./Middlewares/ST/STM32_USB_Device_Library/Class/CDC/Src/usbd_cdc.o
 .debug_info    0x00013491      0xa52 ./Middlewares/ST/STM32_USB_Device_Library/Core/Src/usbd_core.o
 .debug_info    0x00013ee3      0x91c ./Middlewares/ST/STM32_USB_Device_Library/Core/Src/usbd_ctlreq.o
 .debug_info    0x000147ff      0x6a0 ./Middlewares/ST/STM32_USB_Device_Library/Core/Src/usbd_ioreq.o
 .debug_info    0x00014e9f     0x1b3d ./Middlewares/Third_Party/FreeRTOS/Source/CMSIS_RTOS/cmsis_os.o
 .debug_info    0x000169dc      0x2aa ./Middlewares/Third_Party/FreeRTOS/Source/list.o
 .debug_info    0x00016c86     0x1722 ./Middlewares/Third_Party/FreeRTOS/Source/queue.o
 .debug_info    0x000183a8     0x1bbe ./Middlewares/Third_Party/FreeRTOS/Source/tasks.o
 .debug_info    0x00019f66      0x494 ./Middlewares/Third_Party/FreeRTOS/Source/portable/GCC/ARM_CM3/port.o
 .debug_info    0x0001a3fa      0x3c3 ./Middlewares/Third_Party/FreeRTOS/Source/portable/MemMang/heap_4.o
 .debug_info    0x0001a7bd      0x63d ./USB_DEVICE/App/usb_device.o
 .debug_info    0x0001adfa      0x910 ./USB_DEVICE/App/usbd_cdc_if.o
 .debug_info    0x0001b70a      0x44a ./USB_DEVICE/App/usbd_desc.o
 .debug_info    0x0001bb54     0x1857 ./USB_DEVICE/Target/usbd_conf.o

.debug_abbrev   0x00000000     0x4d69
 .debug_abbrev  0x00000000       0xd2 ./Core/Src/freertos.o
 .debug_abbrev  0x000000d2      0x367 ./Core/Src/main.o
 .debug_abbrev  0x00000439      0x273 ./Core/Src/stm32f1xx_hal_msp.o
 .debug_abbrev  0x000006ac      0x1f3 ./Core/Src/stm32f1xx_hal_timebase_tim.o
 .debug_abbrev  0x0000089f      0x1b3 ./Core/Src/stm32f1xx_it.o
 .debug_abbrev  0x00000a52      0x13f ./Core/Src/system_stm32f1xx.o
 .debug_abbrev  0x00000b91       0x24 ./Core/Startup/startup_stm32f103c8tx.o
 .debug_abbrev  0x00000bb5      0x201 ./Drivers/STM32F1xx_HAL_Driver/Src/stm32f1xx_hal.o
 .debug_abbrev  0x00000db6      0x225 ./Drivers/STM32F1xx_HAL_Driver/Src/stm32f1xx_hal_adc.o
 .debug_abbrev  0x00000fdb      0x249 ./Drivers/STM32F1xx_HAL_Driver/Src/stm32f1xx_hal_adc_ex.o
 .debug_abbrev  0x00001224      0x2f8 ./Drivers/STM32F1xx_HAL_Driver/Src/stm32f1xx_hal_cortex.o
 .debug_abbrev  0x0000151c      0x20b ./Drivers/STM32F1xx_HAL_Driver/Src/stm32f1xx_hal_dma.o
 .debug_abbrev  0x00001727      0x1ca ./Drivers/STM32F1xx_HAL_Driver/Src/stm32f1xx_hal_gpio.o
 .debug_abbrev  0x000018f1      0x2a3 ./Drivers/STM32F1xx_HAL_Driver/Src/stm32f1xx_hal_i2c.o
 .debug_abbrev  0x00001b94      0x2d6 ./Drivers/STM32F1xx_HAL_Driver/Src/stm32f1xx_hal_pcd.o
 .debug_abbrev  0x00001e6a      0x189 ./Drivers/STM32F1xx_HAL_Driver/Src/stm32f1xx_hal_pcd_ex.o
 .debug_abbrev  0x00001ff3      0x2b3 ./Drivers/STM32F1xx_HAL_Driver/Src/stm32f1xx_hal_rcc.o
 .debug_abbrev  0x000022a6      0x188 ./Drivers/STM32F1xx_HAL_Driver/Src/stm32f1xx_hal_rcc_ex.o
 .debug_abbrev  0x0000242e      0x277 ./Drivers/STM32F1xx_HAL_Driver/Src/stm32f1xx_hal_tim.o
 .debug_abbrev  0x000026a5      0x282 ./Drivers/STM32F1xx_HAL_Driver/Src/stm32f1xx_hal_tim_ex.o
 .debug_abbrev  0x00002927      0x1de ./Drivers/STM32F1xx_HAL_Driver/Src/stm32f1xx_ll_usb.o
 .debug_abbrev  0x00002b05      0x2d3 ./Middlewares/ST/STM32_USB_Device_Library/Class/CDC/Src/usbd_cdc.o
 .debug_abbrev  0x00002dd8      0x24a ./Middlewares/ST/STM32_USB_Device_Library/Core/Src/usbd_core.o
 .debug_abbrev  0x00003022      0x26b ./Middlewares/ST/STM32_USB_Device_Library/Core/Src/usbd_ctlreq.o
 .debug_abbrev  0x0000328d      0x192 ./Middlewares/ST/STM32_USB_Device_Library/Core/Src/usbd_ioreq.o
 .debug_abbrev  0x0000341f      0x39e ./Middlewares/Third_Party/FreeRTOS/Source/CMSIS_RTOS/cmsis_os.o
 .debug_abbrev  0x000037bd       0xf5 ./Middlewares/Third_Party/FreeRTOS/Source/list.o
 .debug_abbrev  0x000038b2      0x3cd ./Middlewares/Third_Party/FreeRTOS/Source/queue.o
 .debug_abbrev  0x00003c7f      0x358 ./Middlewares/Third_Party/FreeRTOS/Source/tasks.o
 .debug_abbrev  0x00003fd7      0x258 ./Middlewares/Third_Party/FreeRTOS/Source/portable/GCC/ARM_CM3/port.o
 .debug_abbrev  0x0000422f      0x205 ./Middlewares/Third_Party/FreeRTOS/Source/portable/MemMang/heap_4.o
 .debug_abbrev  0x00004434      0x18d ./USB_DEVICE/App/usb_device.o
 .debug_abbrev  0x000045c1      0x293 ./USB_DEVICE/App/usbd_cdc_if.o
 .debug_abbrev  0x00004854      0x1ff ./USB_DEVICE/App/usbd_desc.o
 .debug_abbrev  0x00004a53      0x316 ./USB_DEVICE/Target/usbd_conf.o

.debug_aranges  0x00000000     0x1ae8
 .debug_aranges
                0x00000000       0x20 ./Core/Src/freertos.o
 .debug_aranges
                0x00000020       0xb0 ./Core/Src/main.o
 .debug_aranges
                0x000000d0       0x68 ./Core/Src/stm32f1xx_hal_msp.o
 .debug_aranges
                0x00000138       0x30 ./Core/Src/stm32f1xx_hal_timebase_tim.o
 .debug_aranges
                0x00000168       0x68 ./Core/Src/stm32f1xx_it.o
 .debug_aranges
                0x000001d0       0x28 ./Core/Src/system_stm32f1xx.o
 .debug_aranges
                0x000001f8       0x28 ./Core/Startup/startup_stm32f103c8tx.o
 .debug_aranges
                0x00000220       0xe0 ./Drivers/STM32F1xx_HAL_Driver/Src/stm32f1xx_hal.o
 .debug_aranges
                0x00000300       0xf0 ./Drivers/STM32F1xx_HAL_Driver/Src/stm32f1xx_hal_adc.o
 .debug_aranges
                0x000003f0       0x80 ./Drivers/STM32F1xx_HAL_Driver/Src/stm32f1xx_hal_adc_ex.o
 .debug_aranges
                0x00000470      0x100 ./Drivers/STM32F1xx_HAL_Driver/Src/stm32f1xx_hal_cortex.o
 .debug_aranges
                0x00000570       0x80 ./Drivers/STM32F1xx_HAL_Driver/Src/stm32f1xx_hal_dma.o
 .debug_aranges
                0x000005f0       0x58 ./Drivers/STM32F1xx_HAL_Driver/Src/stm32f1xx_hal_gpio.o
 .debug_aranges
                0x00000648      0x2a8 ./Drivers/STM32F1xx_HAL_Driver/Src/stm32f1xx_hal_i2c.o
 .debug_aranges
                0x000008f0      0x140 ./Drivers/STM32F1xx_HAL_Driver/Src/stm32f1xx_hal_pcd.o
 .debug_aranges
                0x00000a30       0x38 ./Drivers/STM32F1xx_HAL_Driver/Src/stm32f1xx_hal_pcd_ex.o
 .debug_aranges
                0x00000a68       0x90 ./Drivers/STM32F1xx_HAL_Driver/Src/stm32f1xx_hal_rcc.o
 .debug_aranges
                0x00000af8       0x30 ./Drivers/STM32F1xx_HAL_Driver/Src/stm32f1xx_hal_rcc_ex.o
 .debug_aranges
                0x00000b28      0x3d0 ./Drivers/STM32F1xx_HAL_Driver/Src/stm32f1xx_hal_tim.o
 .debug_aranges
                0x00000ef8      0x168 ./Drivers/STM32F1xx_HAL_Driver/Src/stm32f1xx_hal_tim_ex.o
 .debug_aranges
                0x00001060       0xf8 ./Drivers/STM32F1xx_HAL_Driver/Src/stm32f1xx_ll_usb.o
 .debug_aranges
                0x00001158       0x90 ./Middlewares/ST/STM32_USB_Device_Library/Class/CDC/Src/usbd_cdc.o
 .debug_aranges
                0x000011e8       0xb8 ./Middlewares/ST/STM32_USB_Device_Library/Core/Src/usbd_core.o
 .debug_aranges
                0x000012a0       0x88 ./Middlewares/ST/STM32_USB_Device_Library/Core/Src/usbd_ctlreq.o
 .debug_aranges
                0x00001328       0x50 ./Middlewares/ST/STM32_USB_Device_Library/Core/Src/usbd_ioreq.o
 .debug_aranges
                0x00001378      0x1d8 ./Middlewares/Third_Party/FreeRTOS/Source/CMSIS_RTOS/cmsis_os.o
 .debug_aranges
                0x00001550       0x40 ./Middlewares/Third_Party/FreeRTOS/Source/list.o
 .debug_aranges
                0x00001590      0x108 ./Middlewares/Third_Party/FreeRTOS/Source/queue.o
 .debug_aranges
                0x00001698      0x1a8 ./Middlewares/Third_Party/FreeRTOS/Source/tasks.o
 .debug_aranges
                0x00001840       0x78 ./Middlewares/Third_Party/FreeRTOS/Source/portable/GCC/ARM_CM3/port.o
 .debug_aranges
                0x000018b8       0x50 ./Middlewares/Third_Party/FreeRTOS/Source/portable/MemMang/heap_4.o
 .debug_aranges
                0x00001908       0x20 ./USB_DEVICE/App/usb_device.o
 .debug_aranges
                0x00001928       0x48 ./USB_DEVICE/App/usbd_cdc_if.o
 .debug_aranges
                0x00001970       0x60 ./USB_DEVICE/App/usbd_desc.o
 .debug_aranges
                0x000019d0      0x118 ./USB_DEVICE/Target/usbd_conf.o

.debug_rnglists
                0x00000000     0x14b7
 .debug_rnglists
                0x00000000       0x13 ./Core/Src/freertos.o
 .debug_rnglists
                0x00000013       0x8a ./Core/Src/main.o
 .debug_rnglists
                0x0000009d       0x4c ./Core/Src/stm32f1xx_hal_msp.o
 .debug_rnglists
                0x000000e9       0x20 ./Core/Src/stm32f1xx_hal_timebase_tim.o
 .debug_rnglists
                0x00000109       0x49 ./Core/Src/stm32f1xx_it.o
 .debug_rnglists
                0x00000152       0x1a ./Core/Src/system_stm32f1xx.o
 .debug_rnglists
                0x0000016c       0x19 ./Core/Startup/startup_stm32f103c8tx.o
 .debug_rnglists
                0x00000185       0xa3 ./Drivers/STM32F1xx_HAL_Driver/Src/stm32f1xx_hal.o
 .debug_rnglists
                0x00000228       0xbc ./Drivers/STM32F1xx_HAL_Driver/Src/stm32f1xx_hal_adc.o
 .debug_rnglists
                0x000002e4       0x65 ./Drivers/STM32F1xx_HAL_Driver/Src/stm32f1xx_hal_adc_ex.o
 .debug_rnglists
                0x00000349       0xbb ./Drivers/STM32F1xx_HAL_Driver/Src/stm32f1xx_hal_cortex.o
 .debug_rnglists
                0x00000404       0x64 ./Drivers/STM32F1xx_HAL_Driver/Src/stm32f1xx_hal_dma.o
 .debug_rnglists
                0x00000468       0x3f ./Drivers/STM32F1xx_HAL_Driver/Src/stm32f1xx_hal_gpio.o
 .debug_rnglists
                0x000004a7      0x23c ./Drivers/STM32F1xx_HAL_Driver/Src/stm32f1xx_hal_i2c.o
 .debug_rnglists
                0x000006e3       0xf4 ./Drivers/STM32F1xx_HAL_Driver/Src/stm32f1xx_hal_pcd.o
 .debug_rnglists
                0x000007d7       0x26 ./Drivers/STM32F1xx_HAL_Driver/Src/stm32f1xx_hal_pcd_ex.o
 .debug_rnglists
                0x000007fd       0x6c ./Drivers/STM32F1xx_HAL_Driver/Src/stm32f1xx_hal_rcc.o
 .debug_rnglists
                0x00000869       0x21 ./Drivers/STM32F1xx_HAL_Driver/Src/stm32f1xx_hal_rcc_ex.o
 .debug_rnglists
                0x0000088a      0x31a ./Drivers/STM32F1xx_HAL_Driver/Src/stm32f1xx_hal_tim.o
 .debug_rnglists
                0x00000ba4      0x125 ./Drivers/STM32F1xx_HAL_Driver/Src/stm32f1xx_hal_tim_ex.o
 .debug_rnglists
                0x00000cc9       0xbd ./Drivers/STM32F1xx_HAL_Driver/Src/stm32f1xx_ll_usb.o
 .debug_rnglists
                0x00000d86       0x6a ./Middlewares/ST/STM32_USB_Device_Library/Class/CDC/Src/usbd_cdc.o
 .debug_rnglists
                0x00000df0       0x89 ./Middlewares/ST/STM32_USB_Device_Library/Core/Src/usbd_core.o
 .debug_rnglists
                0x00000e79       0x68 ./Middlewares/ST/STM32_USB_Device_Library/Core/Src/usbd_ctlreq.o
 .debug_rnglists
                0x00000ee1       0x37 ./Middlewares/ST/STM32_USB_Device_Library/Core/Src/usbd_ioreq.o
 .debug_rnglists
                0x00000f18      0x16a ./Middlewares/Third_Party/FreeRTOS/Source/CMSIS_RTOS/cmsis_os.o
 .debug_rnglists
                0x00001082       0x2b ./Middlewares/Third_Party/FreeRTOS/Source/list.o
 .debug_rnglists
                0x000010ad       0xcd ./Middlewares/Third_Party/FreeRTOS/Source/queue.o
 .debug_rnglists
                0x0000117a      0x153 ./Middlewares/Third_Party/FreeRTOS/Source/tasks.o
 .debug_rnglists
                0x000012cd       0x57 ./Middlewares/Third_Party/FreeRTOS/Source/portable/GCC/ARM_CM3/port.o